Archive member included to satisfy reference by file (symbol)

c:/program files (x86)/atmel/studio/7.0/toolchain/arm/arm-gnu-toolchain/bin/../lib/gcc/arm-none-eabi/6.3.1/../../../../arm-none-eabi/lib/thumb/v7-m\libc.a(lib_a-exit.o)
                              c:/program files (x86)/atmel/studio/7.0/toolchain/arm/arm-gnu-toolchain/bin/../lib/gcc/arm-none-eabi/6.3.1/../../../../arm-none-eabi/lib/thumb/v7-m/crt0.o (exit)
c:/program files (x86)/atmel/studio/7.0/toolchain/arm/arm-gnu-toolchain/bin/../lib/gcc/arm-none-eabi/6.3.1/../../../../arm-none-eabi/lib/thumb/v7-m\libc.a(lib_a-impure.o)
                              c:/program files (x86)/atmel/studio/7.0/toolchain/arm/arm-gnu-toolchain/bin/../lib/gcc/arm-none-eabi/6.3.1/../../../../arm-none-eabi/lib/thumb/v7-m\libc.a(lib_a-exit.o) (_global_impure_ptr)
c:/program files (x86)/atmel/studio/7.0/toolchain/arm/arm-gnu-toolchain/bin/../lib/gcc/arm-none-eabi/6.3.1/../../../../arm-none-eabi/lib/thumb/v7-m\libc.a(lib_a-init.o)
                              c:/program files (x86)/atmel/studio/7.0/toolchain/arm/arm-gnu-toolchain/bin/../lib/gcc/arm-none-eabi/6.3.1/../../../../arm-none-eabi/lib/thumb/v7-m/crt0.o (__libc_init_array)
c:/program files (x86)/atmel/studio/7.0/toolchain/arm/arm-gnu-toolchain/bin/../lib/gcc/arm-none-eabi/6.3.1/../../../../arm-none-eabi/lib/thumb/v7-m\libc.a(lib_a-iprintf.o)
                              src/ASF/sam/drivers/adc/adc.o (iprintf)
c:/program files (x86)/atmel/studio/7.0/toolchain/arm/arm-gnu-toolchain/bin/../lib/gcc/arm-none-eabi/6.3.1/../../../../arm-none-eabi/lib/thumb/v7-m\libc.a(lib_a-memset.o)
                              c:/program files (x86)/atmel/studio/7.0/toolchain/arm/arm-gnu-toolchain/bin/../lib/gcc/arm-none-eabi/6.3.1/../../../../arm-none-eabi/lib/thumb/v7-m/crt0.o (memset)
c:/program files (x86)/atmel/studio/7.0/toolchain/arm/arm-gnu-toolchain/bin/../lib/gcc/arm-none-eabi/6.3.1/../../../../arm-none-eabi/lib/thumb/v7-m\libc.a(lib_a-puts.o)
                              src/ASF/sam/drivers/adc/adc.o (puts)
c:/program files (x86)/atmel/studio/7.0/toolchain/arm/arm-gnu-toolchain/bin/../lib/gcc/arm-none-eabi/6.3.1/../../../../arm-none-eabi/lib/thumb/v7-m\libc.a(lib_a-strlen-stub.o)
                              c:/program files (x86)/atmel/studio/7.0/toolchain/arm/arm-gnu-toolchain/bin/../lib/gcc/arm-none-eabi/6.3.1/../../../../arm-none-eabi/lib/thumb/v7-m\libc.a(lib_a-puts.o) (strlen)
c:/program files (x86)/atmel/studio/7.0/toolchain/arm/arm-gnu-toolchain/bin/../lib/gcc/arm-none-eabi/6.3.1/../../../../arm-none-eabi/lib/thumb/v7-m\libc.a(lib_a-vfiprintf.o)
                              c:/program files (x86)/atmel/studio/7.0/toolchain/arm/arm-gnu-toolchain/bin/../lib/gcc/arm-none-eabi/6.3.1/../../../../arm-none-eabi/lib/thumb/v7-m\libc.a(lib_a-iprintf.o) (_vfiprintf_r)
c:/program files (x86)/atmel/studio/7.0/toolchain/arm/arm-gnu-toolchain/bin/../lib/gcc/arm-none-eabi/6.3.1/../../../../arm-none-eabi/lib/thumb/v7-m\libc.a(lib_a-wsetup.o)
                              c:/program files (x86)/atmel/studio/7.0/toolchain/arm/arm-gnu-toolchain/bin/../lib/gcc/arm-none-eabi/6.3.1/../../../../arm-none-eabi/lib/thumb/v7-m\libc.a(lib_a-vfiprintf.o) (__swsetup_r)
c:/program files (x86)/atmel/studio/7.0/toolchain/arm/arm-gnu-toolchain/bin/../lib/gcc/arm-none-eabi/6.3.1/../../../../arm-none-eabi/lib/thumb/v7-m\libc.a(lib_a-__call_atexit.o)
                              c:/program files (x86)/atmel/studio/7.0/toolchain/arm/arm-gnu-toolchain/bin/../lib/gcc/arm-none-eabi/6.3.1/../../../../arm-none-eabi/lib/thumb/v7-m\libc.a(lib_a-exit.o) (__call_exitprocs)
c:/program files (x86)/atmel/studio/7.0/toolchain/arm/arm-gnu-toolchain/bin/../lib/gcc/arm-none-eabi/6.3.1/../../../../arm-none-eabi/lib/thumb/v7-m\libc.a(lib_a-atexit.o)
                              c:/program files (x86)/atmel/studio/7.0/toolchain/arm/arm-gnu-toolchain/bin/../lib/gcc/arm-none-eabi/6.3.1/../../../../arm-none-eabi/lib/thumb/v7-m\libc.a(lib_a-__call_atexit.o) (atexit)
c:/program files (x86)/atmel/studio/7.0/toolchain/arm/arm-gnu-toolchain/bin/../lib/gcc/arm-none-eabi/6.3.1/../../../../arm-none-eabi/lib/thumb/v7-m\libc.a(lib_a-fflush.o)
                              c:/program files (x86)/atmel/studio/7.0/toolchain/arm/arm-gnu-toolchain/bin/../lib/gcc/arm-none-eabi/6.3.1/../../../../arm-none-eabi/lib/thumb/v7-m\libc.a(lib_a-vfiprintf.o) (_fflush_r)
c:/program files (x86)/atmel/studio/7.0/toolchain/arm/arm-gnu-toolchain/bin/../lib/gcc/arm-none-eabi/6.3.1/../../../../arm-none-eabi/lib/thumb/v7-m\libc.a(lib_a-findfp.o)
                              c:/program files (x86)/atmel/studio/7.0/toolchain/arm/arm-gnu-toolchain/bin/../lib/gcc/arm-none-eabi/6.3.1/../../../../arm-none-eabi/lib/thumb/v7-m\libc.a(lib_a-puts.o) (__sinit)
c:/program files (x86)/atmel/studio/7.0/toolchain/arm/arm-gnu-toolchain/bin/../lib/gcc/arm-none-eabi/6.3.1/../../../../arm-none-eabi/lib/thumb/v7-m\libc.a(lib_a-fini.o)
[...]
Memory Configuration

Name             Origin             Length             Attributes
rom              0x00080000         0x00080000         xr
sram0            0x20000000         0x00010000         xrw
sram1            0x20080000         0x00008000         xrw
ram              0x20070000         0x00018000         xrw
*default*        0x00000000         0xffffffff

Linker script and memory map

LOAD c:/program files (x86)/atmel/studio/7.0/toolchain/arm/arm-gnu-toolchain/bin/../lib/gcc/arm-none-eabi/6.3.1/thumb/v7-m/crti.o
LOAD c:/program files (x86)/atmel/studio/7.0/toolchain/arm/arm-gnu-toolchain/bin/../lib/gcc/arm-none-eabi/6.3.1/thumb/v7-m/crtbegin.o
LOAD c:/program files (x86)/atmel/studio/7.0/toolchain/arm/arm-gnu-toolchain/bin/../lib/gcc/arm-none-eabi/6.3.1/../../../../arm-none-eabi/lib/thumb/v7-m/crt0.o
LOAD src/adcdac.o
LOAD src/ASF/sam/drivers/adc/adc.o
LOAD src/sampel_int.o
LOAD src/ASF/sam/drivers/adc/adc_sam3u.o
LOAD src/ASF/sam/drivers/dacc/dacc.o
LOAD src/ASF/sam/drivers/tc/tc.o
LOAD src/conf_tc.o
LOAD src/main.o
LOAD src/ASF/common/services/clock/sam3x/sysclk.o
LOAD src/ASF/common/utils/interrupt/interrupt_sam_nvic.o
LOAD src/ASF/sam/boards/arduino_due_x/init.o
LOAD src/ASF/sam/drivers/pio/pio.o
LOAD src/ASF/sam/drivers/pio/pio_handler.o
LOAD src/ASF/sam/drivers/pmc/pmc.o
LOAD src/ASF/sam/drivers/pmc/sleep.o
LOAD src/ASF/sam/utils/cmsis/sam3x/source/templates/exceptions.o
LOAD src/ASF/sam/utils/cmsis/sam3x/source/templates/gcc/startup_sam3x.o
LOAD src/ASF/sam/utils/cmsis/sam3x/source/templates/system_sam3x.o
LOAD src/ASF/sam/utils/syscalls/gcc/syscalls.o
START GROUP
LOAD ../src/ASF/thirdparty/CMSIS/Lib/GCC\libarm_cortexM3l_math.a
LOAD c:/program files (x86)/atmel/studio/7.0/toolchain/arm/arm-gnu-toolchain/bin/../lib/gcc/arm-none-eabi/6.3.1/../../../../arm-none-eabi/lib/thumb/v7-m\libm.a
END GROUP
START GROUP
LOAD c:/program files (x86)/atmel/studio/7.0/toolchain/arm/arm-gnu-toolchain/bin/../lib/gcc/arm-none-eabi/6.3.1/thumb/v7-m\libgcc.a
LOAD c:/program files (x86)/atmel/studio/7.0/toolchain/arm/arm-gnu-toolchain/bin/../lib/gcc/arm-none-eabi/6.3.1/../../../../arm-none-eabi/lib/thumb/v7-m\libc.a
END GROUP
LOAD c:/program files (x86)/atmel/studio/7.0/toolchain/arm/arm-gnu-toolchain/bin/../lib/gcc/arm-none-eabi/6.3.1/thumb/v7-m/crtend.o
LOAD c:/program files (x86)/atmel/studio/7.0/toolchain/arm/arm-gnu-toolchain/bin/../lib/gcc/arm-none-eabi/6.3.1/thumb/v7-m/crtn.o
                0x00002000                __stack_size__ = DEFINED (__stack_size__)?__stack_size__:0x2000

.text           0x00080000      0xd2c
                0x00080000                . = ALIGN (0x4)
                0x00080000                _sfixed = .
 *(.vectors .vectors.*)
 .vectors       0x00080000       0xf4 src/ASF/sam/utils/cmsis/sam3x/source/templates/gcc/startup_sam3x.o
                0x00080000                exception_table
 *(.text .text.* .gnu.linkonce.t.*)
 .text          0x000800f4       0x6c c:/program files (x86)/atmel/studio/7.0/toolchain/arm/arm-gnu-toolchain/bin/../lib/gcc/arm-none-eabi/6.3.1/thumb/v7-m/crtbegin.o
 .text.adc_setup
                0x00080160       0x64 src/adcdac.o
                0x00080160                adc_setup
 .text.dac_setup
                0x000801c4       0x54 src/adcdac.o
                0x000801c4                dac_setup
 .text.adc_init
                0x00080218       0x34 src/ASF/sam/drivers/adc/adc.o
                0x00080218                adc_init
 .text.adc_set_resolution
                0x0008024c        0xe src/ASF/sam/drivers/adc/adc.o
                0x0008024c                adc_set_resolution
 .text.adc_configure_trigger
                0x0008025a        0xe src/ASF/sam/drivers/adc/adc.o
                0x0008025a                adc_configure_trigger
 .text.adc_configure_timing
                0x00080268       0x1c src/ASF/sam/drivers/adc/adc.o
                0x00080268                adc_configure_timing
 .text.adc_start
                0x00080284        0x6 src/ASF/sam/drivers/adc/adc.o
                0x00080284                adc_start
 .text.adc_enable_channel
                0x0008028a        0xa src/ASF/sam/drivers/adc/adc.o
                0x0008028a                adc_enable_channel
 .text.adc_get_latest_value
                0x00080294        0x4 src/ASF/sam/drivers/adc/adc.o
                0x00080294                adc_get_latest_value
 .text.adc_get_status
                0x00080298        0x4 src/ASF/sam/drivers/adc/adc.o
                0x00080298                adc_get_status
 .text.TC0_Handler
                0x0008029c       0x9c src/sampel_int.o
                0x0008029c                TC0_Handler
 .text.dacc_reset
                0x00080338        0x6 src/ASF/sam/drivers/dacc/dacc.o
                0x00080338                dacc_reset
 .text.dacc_set_transfer_mode
                0x0008033e       0x18 src/ASF/sam/drivers/dacc/dacc.o
                0x0008033e                dacc_set_transfer_mode
 .text.dacc_write_conversion_data
                0x00080356        0x4 src/ASF/sam/drivers/dacc/dacc.o
                0x00080356                dacc_write_conversion_data
 .text.dacc_set_channel_selection
                0x0008035a       0x18 src/ASF/sam/drivers/dacc/dacc.o
                0x0008035a                dacc_set_channel_selection
 .text.dacc_set_timing
                0x00080372       0x2e src/ASF/sam/drivers/dacc/dacc.o
                0x00080372                dacc_set_timing
 .text.dacc_enable_channel
                0x000803a0       0x14 src/ASF/sam/drivers/dacc/dacc.o
                0x000803a0                dacc_enable_channel
 .text.tc_init  0x000803b4       0x18 src/ASF/sam/drivers/tc/tc.o
                0x000803b4                tc_init
 .text.tc_start
                0x000803cc        0x8 src/ASF/sam/drivers/tc/tc.o
                0x000803cc                tc_start
 .text.tc_write_rc
                0x000803d4        0x8 src/ASF/sam/drivers/tc/tc.o
                0x000803d4                tc_write_rc
 .text.tc_enable_interrupt
                0x000803dc        0x8 src/ASF/sam/drivers/tc/tc.o
                0x000803dc                tc_enable_interrupt
 .text.tc_get_status
                0x000803e4        0x8 src/ASF/sam/drivers/tc/tc.o
                0x000803e4                tc_get_status
 .text.configure_tc
                0x000803ec       0x5c src/conf_tc.o
                0x000803ec                configure_tc
 .text.main     0x00080448       0x54 src/main.o
                0x00080448                main
 .text.sysclk_init
                0x0008049c       0x60 src/ASF/common/services/clock/sam3x/sysclk.o
                0x0008049c                sysclk_init
 .text.board_init
                0x000804fc       0x80 src/ASF/sam/boards/arduino_due_x/init.o
                0x000804fc                board_init
 .text.pio_set_peripheral
                0x0008057c       0x3e src/ASF/sam/drivers/pio/pio.o
                0x0008057c                pio_set_peripheral
 .text.pio_set_input
                0x000805ba       0x32 src/ASF/sam/drivers/pio/pio.o
                0x000805ba                pio_set_input
 .text.pio_set_output
                0x000805ec       0x26 src/ASF/sam/drivers/pio/pio.o
                0x000805ec                pio_set_output
 .text.pio_get_interrupt_status
                0x00080612        0x4 src/ASF/sam/drivers/pio/pio.o
                0x00080612                pio_get_interrupt_status
 .text.pio_get_interrupt_mask
                0x00080616        0x4 src/ASF/sam/drivers/pio/pio.o
                0x00080616                pio_get_interrupt_mask
 *fill*         0x0008061a        0x2 
 .text.pio_configure_pin
                0x0008061c       0xd0 src/ASF/sam/drivers/pio/pio.o
                0x0008061c                pio_configure_pin
 .text.pio_configure_pin_group
                0x000806ec       0x9c src/ASF/sam/drivers/pio/pio.o
                0x000806ec                pio_configure_pin_group
 .text.pio_handler_process
                0x00080788       0x44 src/ASF/sam/drivers/pio/pio_handler.o
                0x00080788                pio_handler_process
 .text.PIOA_Handler
                0x000807cc       0x14 src/ASF/sam/drivers/pio/pio_handler.o
                0x000807cc                PIOA_Handler
 .text.PIOB_Handler
                0x000807e0       0x14 src/ASF/sam/drivers/pio/pio_handler.o
                0x000807e0                PIOB_Handler
 .text.PIOC_Handler
                0x000807f4       0x14 src/ASF/sam/drivers/pio/pio_handler.o
                0x000807f4                PIOC_Handler
 .text.PIOD_Handler
                0x00080808       0x14 src/ASF/sam/drivers/pio/pio_handler.o
                0x00080808                PIOD_Handler
 .text.pmc_switch_mck_to_pllack
                0x0008081c       0x64 src/ASF/sam/drivers/pmc/pmc.o
                0x0008081c                pmc_switch_mck_to_pllack
 .text.pmc_switch_mainck_to_xtal
                0x00080880       0x54 src/ASF/sam/drivers/pmc/pmc.o
                0x00080880                pmc_switch_mainck_to_xtal
 .text.pmc_osc_is_ready_mainck
                0x000808d4       0x10 src/ASF/sam/drivers/pmc/pmc.o
                0x000808d4                pmc_osc_is_ready_mainck
 .text.pmc_disable_pllack
                0x000808e4       0x10 src/ASF/sam/drivers/pmc/pmc.o
                0x000808e4                pmc_disable_pllack
 .text.pmc_is_locked_pllack
                0x000808f4       0x10 src/ASF/sam/drivers/pmc/pmc.o
                0x000808f4                pmc_is_locked_pllack
 .text.pmc_enable_periph_clk
                0x00080904       0x54 src/ASF/sam/drivers/pmc/pmc.o
                0x00080904                pmc_enable_periph_clk
 .text.Dummy_Handler
                0x00080958        0x2 src/ASF/sam/utils/cmsis/sam3x/source/templates/exceptions.o
                0x00080958                DACC_Handler
                0x00080958                DebugMon_Handler
                0x00080958                DMAC_Handler
                0x00080958                TRNG_Handler
                0x00080958                HardFault_Handler
                0x00080958                TC2_Handler
                0x00080958                SysTick_Handler
                0x00080958                USART3_Handler
                0x00080958                TWI1_Handler
                0x00080958                PendSV_Handler
                0x00080958                NMI_Handler
                0x00080958                TC7_Handler
                0x00080958                ADC_Handler
                0x00080958                SMC_Handler
                0x00080958                USART0_Handler
                0x00080958                RTT_Handler
                0x00080958                EFC1_Handler
                0x00080958                RTC_Handler
                0x00080958                UsageFault_Handler
                0x00080958                TC6_Handler
                0x00080958                WDT_Handler
                0x00080958                CAN0_Handler
                0x00080958                TC4_Handler
                0x00080958                TC1_Handler
                0x00080958                HSMCI_Handler
                0x00080958                TC3_Handler
                0x00080958                Dummy_Handler
                0x00080958                TWI0_Handler
                0x00080958                USART1_Handler
                0x00080958                SSC_Handler
                0x00080958                EFC0_Handler
                0x00080958                PMC_Handler
                0x00080958                PWM_Handler
                0x00080958                CAN1_Handler
                0x00080958                MemManage_Handler
                0x00080958                SUPC_Handler
                0x00080958                SVC_Handler
                0x00080958                TC8_Handler
                0x00080958                USART2_Handler
                0x00080958                EMAC_Handler
                0x00080958                UART_Handler
                0x00080958                BusFault_Handler
                0x00080958                RSTC_Handler
                0x00080958                TC5_Handler
                0x00080958                UOTGHS_Handler
                0x00080958                SPI0_Handler
 *fill*         0x0008095a        0x2 
 .text.Reset_Handler
                0x0008095c       0x98 src/ASF/sam/utils/cmsis/sam3x/source/templates/gcc/startup_sam3x.o
                0x0008095c                Reset_Handler
 .text.SystemCoreClockUpdate
                0x000809f4      0x118 src/ASF/sam/utils/cmsis/sam3x/source/templates/system_sam3x.o
                0x000809f4                SystemCoreClockUpdate
 .text.system_init_flash
                0x00080b0c       0x88 src/ASF/sam/utils/cmsis/sam3x/source/templates/system_sam3x.o
                0x00080b0c                system_init_flash
 .text.__libc_init_array
                0x00080b94       0x50 c:/program files (x86)/atmel/studio/7.0/toolchain/arm/arm-gnu-toolchain/bin/../lib/gcc/arm-none-eabi/6.3.1/../../../../arm-none-eabi/lib/thumb/v7-m\libc.a(lib_a-init.o)
                0x00080b94                __libc_init_array
 .text.startup.register_fini
                0x00080be4       0x14 c:/program files (x86)/atmel/studio/7.0/toolchain/arm/arm-gnu-toolchain/bin/../lib/gcc/arm-none-eabi/6.3.1/../../../../arm-none-eabi/lib/thumb/v7-m\libc.a(lib_a-__call_atexit.o)
 .text.atexit   0x00080bf8        0xc c:/program files (x86)/atmel/studio/7.0/toolchain/arm/arm-gnu-toolchain/bin/../lib/gcc/arm-none-eabi/6.3.1/../../../../arm-none-eabi/lib/thumb/v7-m\libc.a(lib_a-atexit.o)
                0x00080bf8                atexit
 .text.__libc_fini_array
                0x00080c04       0x34 c:/program files (x86)/atmel/studio/7.0/toolchain/arm/arm-gnu-toolchain/bin/../lib/gcc/arm-none-eabi/6.3.1/../../../../arm-none-eabi/lib/thumb/v7-m\libc.a(lib_a-fini.o)
                0x00080c04                __libc_fini_array
 .text.__retarget_lock_acquire_recursive
                0x00080c38        0x4 c:/program files (x86)/atmel/studio/7.0/toolchain/arm/arm-gnu-toolchain/bin/../lib/gcc/arm-none-eabi/6.3.1/../../../../arm-none-eabi/lib/thumb/v7-m\libc.a(lib_a-lock.o)
                0x00080c38                __retarget_lock_acquire_recursive
 .text.__retarget_lock_release_recursive
                0x00080c3c        0x4 c:/program files (x86)/atmel/studio/7.0/toolchain/arm/arm-gnu-toolchain/bin/../lib/gcc/arm-none-eabi/6.3.1/../../../../arm-none-eabi/lib/thumb/v7-m\libc.a(lib_a-lock.o)
                0x00080c3c                __retarget_lock_release_recursive
 .text.__register_exitproc
                0x00080c40       0xc4 c:/program files (x86)/atmel/studio/7.0/toolchain/arm/arm-gnu-toolchain/bin/../lib/gcc/arm-none-eabi/6.3.1/../../../../arm-none-eabi/lib/thumb/v7-m\libc.a(lib_a-__atexit.o)
                0x00080c40                __register_exitproc
 *(.glue_7t)
 .glue_7t       0x00080d04        0x0 linker stubs
 *(.glue_7)
 .glue_7        0x00080d04        0x0 linker stubs
 *(.rodata .rodata* .gnu.linkonce.r.*)
 .rodata._global_impure_ptr
                0x00080d04        0x4 c:/program files (x86)/atmel/studio/7.0/toolchain/arm/arm-gnu-toolchain/bin/../lib/gcc/arm-none-eabi/6.3.1/../../../../arm-none-eabi/lib/thumb/v7-m\libc.a(lib_a-impure.o)
                0x00080d04                _global_impure_ptr
 *(.ARM.extab* .gnu.linkonce.armextab.*)
                0x00080d08                . = ALIGN (0x4)
 *(.init)
 .init          0x00080d08        0x4 c:/program files (x86)/atmel/studio/7.0/toolchain/arm/arm-gnu-toolchain/bin/../lib/gcc/arm-none-eabi/6.3.1/thumb/v7-m/crti.o
                0x00080d08                _init
 .init          0x00080d0c        0x8 c:/program files (x86)/atmel/studio/7.0/toolchain/arm/arm-gnu-toolchain/bin/../lib/gcc/arm-none-eabi/6.3.1/thumb/v7-m/crtn.o
                0x00080d14                . = ALIGN (0x4)
                0x00080d14                __preinit_array_start = .
 *(.preinit_array)
                0x00080d14                __preinit_array_end = .
                0x00080d14                . = ALIGN (0x4)
                0x00080d14                __init_array_start = .
 *(SORT(.init_array.*))
 .init_array.00000
                0x00080d14        0x4 c:/program files (x86)/atmel/studio/7.0/toolchain/arm/arm-gnu-toolchain/bin/../lib/gcc/arm-none-eabi/6.3.1/../../../../arm-none-eabi/lib/thumb/v7-m\libc.a(lib_a-__call_atexit.o)
 *(.init_array)
 .init_array    0x00080d18        0x4 c:/program files (x86)/atmel/studio/7.0/toolchain/arm/arm-gnu-toolchain/bin/../lib/gcc/arm-none-eabi/6.3.1/thumb/v7-m/crtbegin.o
                0x00080d1c                __init_array_end = .
                0x00080d1c                . = ALIGN (0x4)
 *crtbegin.o(.ctors)
 *(EXCLUDE_FILE(*crtend.o) .ctors)
 *(SORT(.ctors.*))
 *crtend.o(.ctors)
                0x00080d1c                . = ALIGN (0x4)
 *(.fini)
 .fini          0x00080d1c        0x4 c:/program files (x86)/atmel/studio/7.0/toolchain/arm/arm-gnu-toolchain/bin/../lib/gcc/arm-none-eabi/6.3.1/thumb/v7-m/crti.o
                0x00080d1c                _fini
 .fini          0x00080d20        0x8 c:/program files (x86)/atmel/studio/7.0/toolchain/arm/arm-gnu-toolchain/bin/../lib/gcc/arm-none-eabi/6.3.1/thumb/v7-m/crtn.o
                0x00080d28                . = ALIGN (0x4)
                0x00080d28                __fini_array_start = .
 *(.fini_array)
 .fini_array    0x00080d28        0x4 c:/program files (x86)/atmel/studio/7.0/toolchain/arm/arm-gnu-toolchain/bin/../lib/gcc/arm-none-eabi/6.3.1/thumb/v7-m/crtbegin.o
 *(SORT(.fini_array.*))
                0x00080d2c                __fini_array_end = .
 *crtbegin.o(.dtors)
 *(EXCLUDE_FILE(*crtend.o) .dtors)
 *(SORT(.dtors.*))
 *crtend.o(.dtors)
                0x00080d2c                . = ALIGN (0x4)
                0x00080d2c                _efixed = .
                [!provide]                PROVIDE (__exidx_start, .)

.vfp11_veneer   0x00080d2c        0x0
 .vfp11_veneer  0x00080d2c        0x0 linker stubs

.v4_bx          0x00080d2c        0x0
 .v4_bx         0x00080d2c        0x0 linker stubs

.iplt           0x00080d2c        0x0
 .iplt          0x00080d2c        0x0 c:/program files (x86)/atmel/studio/7.0/toolchain/arm/arm-gnu-toolchain/bin/../lib/gcc/arm-none-eabi/6.3.1/thumb/v7-m/crtbegin.o

.eh_frame       0x00080d2c        0x0
 .eh_frame      0x00080d2c        0x0 c:/program files (x86)/atmel/studio/7.0/toolchain/arm/arm-gnu-toolchain/bin/../lib/gcc/arm-none-eabi/6.3.1/thumb/v7-m/crtbegin.o

.rel.dyn        0x00080d2c        0x0
 .rel.iplt      0x00080d2c        0x0 c:/program files (x86)/atmel/studio/7.0/toolchain/arm/arm-gnu-toolchain/bin/../lib/gcc/arm-none-eabi/6.3.1/thumb/v7-m/crtbegin.o

.jcr            0x00080d2c        0x0
 .jcr           0x00080d2c        0x0 c:/program files (x86)/atmel/studio/7.0/toolchain/arm/arm-gnu-toolchain/bin/../lib/gcc/arm-none-eabi/6.3.1/thumb/v7-m/crtbegin.o

.igot.plt       0x00080d2c        0x0
 .igot.plt      0x00080d2c        0x0 c:/program files (x86)/atmel/studio/7.0/toolchain/arm/arm-gnu-toolchain/bin/../lib/gcc/arm-none-eabi/6.3.1/thumb/v7-m/crtbegin.o

.ARM.exidx
 *(.ARM.exidx* .gnu.linkonce.armexidx.*)
                [!provide]                PROVIDE (__exidx_end, .)
                0x00080d2c                . = ALIGN (0x4)
                0x00080d2c                _etext = .

.relocate       0x20070000      0x434 load address 0x00080d2c
                0x20070000                . = ALIGN (0x4)
                0x20070000                _srelocate = .
 *(.ramfunc .ramfunc.*)
 *(.data .data.*)
 .data.SystemCoreClock
                0x20070000        0x4 src/ASF/sam/utils/cmsis/sam3x/source/templates/system_sam3x.o
                0x20070000                SystemCoreClock
 *fill*         0x20070004        0x4 
 .data.impure_data
                0x20070008      0x428 c:/program files (x86)/atmel/studio/7.0/toolchain/arm/arm-gnu-toolchain/bin/../lib/gcc/arm-none-eabi/6.3.1/../../../../arm-none-eabi/lib/thumb/v7-m\libc.a(lib_a-impure.o)
 .data.__atexit_recursive_mutex
                0x20070430        0x4 c:/program files (x86)/atmel/studio/7.0/toolchain/arm/arm-gnu-toolchain/bin/../lib/gcc/arm-none-eabi/6.3.1/../../../../arm-none-eabi/lib/thumb/v7-m\libc.a(lib_a-__call_atexit.o)
                0x20070430                __atexit_recursive_mutex
                0x20070434                . = ALIGN (0x4)
                0x20070434                _erelocate = .

.bss            0x20070434     0x4ed4 load address 0x00081160
                0x20070434                . = ALIGN (0x4)
                0x20070434                _sbss = .
                0x20070434                _szero = .
 *(.bss .bss.*)
 .bss           0x20070434       0x1c c:/program files (x86)/atmel/studio/7.0/toolchain/arm/arm-gnu-toolchain/bin/../lib/gcc/arm-none-eabi/6.3.1/thumb/v7-m/crtbegin.o
 .bss.buffer.8019
                0x20070450     0x4e20 src/sampel_int.o
 .bss.k.8020    0x20075270        0x4 src/sampel_int.o
 .bss.gs_interrupt_sources
                0x20075274       0x70 src/ASF/sam/drivers/pio/pio_handler.o
 *(COMMON)
 COMMON         0x200752e4       0x21 c:/program files (x86)/atmel/studio/7.0/toolchain/arm/arm-gnu-toolchain/bin/../lib/gcc/arm-none-eabi/6.3.1/../../../../arm-none-eabi/lib/thumb/v7-m\libc.a(lib_a-lock.o)
                0x200752e4                __lock___atexit_recursive_mutex
                0x200752e8                __lock___arc4random_mutex
                0x200752ec                __lock___env_recursive_mutex
                0x200752f0                __lock___sinit_recursive_mutex
                0x200752f4                __lock___malloc_recursive_mutex
                0x200752f8                __lock___at_quick_exit_mutex
                0x200752fc                __lock___dd_hash_mutex
                0x20075300                __lock___tz_mutex
                0x20075304                __lock___sfp_recursive_mutex
                0x20075308                . = ALIGN (0x4)
 *fill*         0x20075305        0x3 
                0x20075308                _ebss = .
                0x20075308                _ezero = .

.stack          0x20075308     0x2000 load address 0x00086034
                0x20075308                . = ALIGN (0x8)
                0x20075308                _sstack = .
                0x20077308                . = (. + __stack_size__)
 *fill*         0x20075308     0x2000 
                0x20077308                . = ALIGN (0x8)
                0x20077308                _estack = .
                0x20077308                . = ALIGN (0x4)
                0x20077308                _end = .
OUTPUT(Project1404b.elf elf32-littlearm)

.ARM.attributes
                0x00000000       0x29
 .ARM.attributes
                0x00000000       0x1d c:/program files (x86)/atmel/studio/7.0/toolchain/arm/arm-gnu-toolchain/bin/../lib/gcc/arm-none-eabi/6.3.1/thumb/v7-m/crti.o
 .ARM.attributes
                0x0000001d       0x2d c:/program files (x86)/atmel/studio/7.0/toolchain/arm/arm-gnu-toolchain/bin/../lib/gcc/arm-none-eabi/6.3.1/thumb/v7-m/crtbegin.o
 .ARM.attributes
                0x0000004a       0x33 src/adcdac.o
 .ARM.attributes
                0x0000007d       0x33 src/ASF/sam/drivers/adc/adc.o
 .ARM.attributes
                0x000000b0       0x33 src/sampel_int.o
 .ARM.attributes
                0x000000e3       0x33 src/ASF/sam/drivers/dacc/dacc.o
 .ARM.attributes
                0x00000116       0x33 src/ASF/sam/drivers/tc/tc.o
 .ARM.attributes
                0x00000149       0x33 src/conf_tc.o
 .ARM.attributes
                0x0000017c       0x33 src/main.o
 .ARM.attributes
                0x000001af       0x33 src/ASF/common/services/clock/sam3x/sysclk.o
 .ARM.attributes
                0x000001e2       0x33 src/ASF/sam/boards/arduino_due_x/init.o
 .ARM.attributes
                0x00000215       0x33 src/ASF/sam/drivers/pio/pio.o
 .ARM.attributes
                0x00000248       0x33 src/ASF/sam/drivers/pio/pio_handler.o
 .ARM.attributes
                0x0000027b       0x33 src/ASF/sam/drivers/pmc/pmc.o
 .ARM.attributes
                0x000002ae       0x33 src/ASF/sam/utils/cmsis/sam3x/source/templates/exceptions.o
 .ARM.attributes
                0x000002e1       0x33 src/ASF/sam/utils/cmsis/sam3x/source/templates/gcc/startup_sam3x.o
 .ARM.attributes
                0x00000314       0x33 src/ASF/sam/utils/cmsis/sam3x/source/templates/system_sam3x.o
 .ARM.attributes
                0x00000347       0x2d c:/program files (x86)/atmel/studio/7.0/toolchain/arm/arm-gnu-toolchain/bin/../lib/gcc/arm-none-eabi/6.3.1/../../../../arm-none-eabi/lib/thumb/v7-m\libc.a(lib_a-impure.o)
 .ARM.attributes
                0x00000374       0x2d c:/program files (x86)/atmel/studio/7.0/toolchain/arm/arm-gnu-toolchain/bin/../lib/gcc/arm-none-eabi/6.3.1/../../../../arm-none-eabi/lib/thumb/v7-m\libc.a(lib_a-init.o)
 .ARM.attributes
                0x000003a1       0x2d c:/program files (x86)/atmel/studio/7.0/toolchain/arm/arm-gnu-toolchain/bin/../lib/gcc/arm-none-eabi/6.3.1/../../../../arm-none-eabi/lib/thumb/v7-m\libc.a(lib_a-__call_atexit.o)
 .ARM.attributes
                0x000003ce       0x2d c:/program files (x86)/atmel/studio/7.0/toolchain/arm/arm-gnu-toolchain/bin/../lib/gcc/arm-none-eabi/6.3.1/../../../../arm-none-eabi/lib/thumb/v7-m\libc.a(lib_a-atexit.o)
 .ARM.attributes
                0x000003fb       0x2d c:/program files (x86)/atmel/studio/7.0/toolchain/arm/arm-gnu-toolchain/bin/../lib/gcc/arm-none-eabi/6.3.1/../../../../arm-none-eabi/lib/thumb/v7-m\libc.a(lib_a-fini.o)
 .ARM.attributes
                0x00000428       0x2d c:/program files (x86)/atmel/studio/7.0/toolchain/arm/arm-gnu-toolchain/bin/../lib/gcc/arm-none-eabi/6.3.1/../../../../arm-none-eabi/lib/thumb/v7-m\libc.a(lib_a-lock.o)
 .ARM.attributes
                0x00000455       0x2d c:/program files (x86)/atmel/studio/7.0/toolchain/arm/arm-gnu-toolchain/bin/../lib/gcc/arm-none-eabi/6.3.1/../../../../arm-none-eabi/lib/thumb/v7-m\libc.a(lib_a-__atexit.o)
 .ARM.attributes
                0x00000482       0x1d c:/program files (x86)/atmel/studio/7.0/toolchain/arm/arm-gnu-toolchain/bin/../lib/gcc/arm-none-eabi/6.3.1/thumb/v7-m/crtn.o

.comment        0x00000000       0x59
 .comment       0x00000000       0x59 src/adcdac.o
                                 0x5a (size before relaxing)
 .comment       0x00000059       0x5a src/ASF/sam/drivers/adc/adc.o
 .comment       0x00000059       0x5a src/sampel_int.o
 .comment       0x00000059       0x5a src/ASF/sam/drivers/dacc/dacc.o
 .comment       0x00000059       0x5a src/ASF/sam/drivers/tc/tc.o
 .comment       0x00000059       0x5a src/conf_tc.o
 .comment       0x00000059       0x5a src/main.o
 .comment       0x00000059       0x5a src/ASF/common/services/clock/sam3x/sysclk.o
 .comment       0x00000059       0x5a src/ASF/sam/boards/arduino_due_x/init.o
 .comment       0x00000059       0x5a src/ASF/sam/drivers/pio/pio.o
 .comment       0x00000059       0x5a src/ASF/sam/drivers/pio/pio_handler.o
 .comment       0x00000059       0x5a src/ASF/sam/drivers/pmc/pmc.o
 .comment       0x00000059       0x5a src/ASF/sam/utils/cmsis/sam3x/source/templates/exceptions.o
 .comment       0x00000059       0x5a src/ASF/sam/utils/cmsis/sam3x/source/templates/gcc/startup_sam3x.o
 .comment       0x00000059       0x5a src/ASF/sam/utils/cmsis/sam3x/source/templates/system_sam3x.o

.debug_info     0x00000000     0xfef4
 .debug_info    0x00000000     0x11b6 src/adcdac.o
 .debug_info    0x000011b6     0x1acd src/ASF/sam/drivers/adc/adc.o
 .debug_info    0x00002c83     0x16b0 src/sampel_int.o
 .debug_info    0x00004333     0x11bc src/ASF/sam/drivers/dacc/dacc.o
 .debug_info    0x000054ef     0x1256 src/ASF/sam/drivers/tc/tc.o
 .debug_info    0x00006745      0xfd5 src/conf_tc.o
 .debug_info    0x0000771a     0x10fe src/main.o
 .debug_info    0x00008818     0x1197 src/ASF/common/services/clock/sam3x/sysclk.o
 .debug_info    0x000099af     0x1088 src/ASF/sam/boards/arduino_due_x/init.o
 .debug_info    0x0000aa37     0x1b2b src/ASF/sam/drivers/pio/pio.o
 .debug_info    0x0000c562     0x1732 src/ASF/sam/drivers/pio/pio_handler.o
 .debug_info    0x0000dc94     0x194f src/ASF/sam/drivers/pmc/pmc.o
 .debug_info    0x0000f5e3       0xdc src/ASF/sam/utils/cmsis/sam3x/source/templates/exceptions.o
 .debug_info    0x0000f6bf      0x3cb src/ASF/sam/utils/cmsis/sam3x/source/templates/gcc/startup_sam3x.o
 .debug_info    0x0000fa8a      0x46a src/ASF/sam/utils/cmsis/sam3x/source/templates/system_sam3x.o

.debug_abbrev   0x00000000     0x248f
 .debug_abbrev  0x00000000      0x241 src/adcdac.o
 .debug_abbrev  0x00000241      0x337 src/ASF/sam/drivers/adc/adc.o
 .debug_abbrev  0x00000578      0x2bb src/sampel_int.o
 .debug_abbrev  0x00000833      0x2ba src/ASF/sam/drivers/dacc/dacc.o
 .debug_abbrev  0x00000aed      0x293 src/ASF/sam/drivers/tc/tc.o
 .debug_abbrev  0x00000d80      0x269 src/conf_tc.o
 .debug_abbrev  0x00000fe9      0x2d1 src/main.o
 .debug_abbrev  0x000012ba      0x31e src/ASF/common/services/clock/sam3x/sysclk.o
 .debug_abbrev  0x000015d8      0x262 src/ASF/sam/boards/arduino_due_x/init.o
 .debug_abbrev  0x0000183a      0x399 src/ASF/sam/drivers/pio/pio.o
 .debug_abbrev  0x00001bd3      0x31a src/ASF/sam/drivers/pio/pio_handler.o
 .debug_abbrev  0x00001eed      0x306 src/ASF/sam/drivers/pmc/pmc.o
 .debug_abbrev  0x000021f3       0x7d src/ASF/sam/utils/cmsis/sam3x/source/templates/exceptions.o
 .debug_abbrev  0x00002270      0x11d src/ASF/sam/utils/cmsis/sam3x/source/templates/gcc/startup_sam3x.o
 .debug_abbrev  0x0000238d      0x102 src/ASF/sam/utils/cmsis/sam3x/source/templates/system_sam3x.o

.debug_loc      0x00000000     0x3104
 .debug_loc     0x00000000       0x40 src/adcdac.o
 .debug_loc     0x00000040      0x991 src/ASF/sam/drivers/adc/adc.o
 .debug_loc     0x000009d1       0xde src/sampel_int.o
 .debug_loc     0x00000aaf      0x3ca src/ASF/sam/drivers/dacc/dacc.o
 .debug_loc     0x00000e79      0x5a4 src/ASF/sam/drivers/tc/tc.o
 .debug_loc     0x0000141d       0x34 src/conf_tc.o
 .debug_loc     0x00001451       0x99 src/main.o
 .debug_loc     0x000014ea      0x183 src/ASF/common/services/clock/sam3x/sysclk.o
 .debug_loc     0x0000166d       0x70 src/ASF/sam/boards/arduino_due_x/init.o
 .debug_loc     0x000016dd      0xabd src/ASF/sam/drivers/pio/pio.o
 .debug_loc     0x0000219a      0x4c1 src/ASF/sam/drivers/pio/pio_handler.o
 .debug_loc     0x0000265b      0xa3e src/ASF/sam/drivers/pmc/pmc.o
 .debug_loc     0x00003099       0x6b src/ASF/sam/utils/cmsis/sam3x/source/templates/gcc/startup_sam3x.o

.debug_aranges  0x00000000      0x7f8
 .debug_aranges
                0x00000000       0x28 src/adcdac.o
 .debug_aranges
                0x00000028      0x178 src/ASF/sam/drivers/adc/adc.o
 .debug_aranges
                0x000001a0       0x20 src/sampel_int.o
 .debug_aranges
                0x000001c0       0xc0 src/ASF/sam/drivers/dacc/dacc.o
 .debug_aranges
                0x00000280       0xd0 src/ASF/sam/drivers/tc/tc.o
 .debug_aranges
                0x00000350       0x20 src/conf_tc.o
 .debug_aranges
                0x00000370       0x20 src/main.o
 .debug_aranges
                0x00000390       0x40 src/ASF/common/services/clock/sam3x/sysclk.o
 .debug_aranges
                0x000003d0       0x20 src/ASF/sam/boards/arduino_due_x/init.o
 .debug_aranges
                0x000003f0      0x148 src/ASF/sam/drivers/pio/pio.o
 .debug_aranges
                0x00000538       0x58 src/ASF/sam/drivers/pio/pio_handler.o
 .debug_aranges
                0x00000590      0x1f8 src/ASF/sam/drivers/pmc/pmc.o
 .debug_aranges
                0x00000788       0x20 src/ASF/sam/utils/cmsis/sam3x/source/templates/exceptions.o
 .debug_aranges
                0x000007a8       0x20 src/ASF/sam/utils/cmsis/sam3x/source/templates/gcc/startup_sam3x.o
 .debug_aranges
                0x000007c8       0x30 src/ASF/sam/utils/cmsis/sam3x/source/templates/system_sam3x.o

.debug_ranges   0x00000000      0x738
 .debug_ranges  0x00000000       0x18 src/adcdac.o
 .debug_ranges  0x00000018      0x168 src/ASF/sam/drivers/adc/adc.o
 .debug_ranges  0x00000180       0x10 src/sampel_int.o
 .debug_ranges  0x00000190       0xb0 src/ASF/sam/drivers/dacc/dacc.o
 .debug_ranges  0x00000240       0xc0 src/ASF/sam/drivers/tc/tc.o
 .debug_ranges  0x00000300       0x10 src/conf_tc.o
 .debug_ranges  0x00000310       0x10 src/main.o
 .debug_ranges  0x00000320       0x30 src/ASF/common/services/clock/sam3x/sysclk.o
 .debug_ranges  0x00000350       0x10 src/ASF/sam/boards/arduino_due_x/init.o
 .debug_ranges  0x00000360      0x150 src/ASF/sam/drivers/pio/pio.o
 .debug_ranges  0x000004b0       0x60 src/ASF/sam/drivers/pio/pio_handler.o
 .debug_ranges  0x00000510      0x1e8 src/ASF/sam/drivers/pmc/pmc.o
 .debug_ranges  0x000006f8       0x10 src/ASF/sam/utils/cmsis/sam3x/source/templates/exceptions.o
 .debug_ranges  0x00000708       0x10 src/ASF/sam/utils/cmsis/sam3x/source/templates/gcc/startup_sam3x.o
 .debug_ranges  0x00000718       0x20 src/ASF/sam/utils/cmsis/sam3x/source/templates/system_sam3x.o

.debug_macro    0x00000000    0x17308
 .debug_macro   0x00000000      0x66b src/adcdac.o
 .debug_macro   0x0000066b      0x8c2 src/adcdac.o
 .debug_macro   0x00000f2d      0x16d src/adcdac.o
 .debug_macro   0x0000109a      0x2ee src/adcdac.o
 .debug_macro   0x00001388       0x76 src/adcdac.o
 .debug_macro   0x000013fe       0x16 src/adcdac.o
 .debug_macro   0x00001414      0x6e1 src/adcdac.o
 .debug_macro   0x00001af5       0x22 src/adcdac.o
 .debug_macro   0x00001b17       0x87 src/adcdac.o
 .debug_macro   0x00001b9e       0x51 src/adcdac.o
 .debug_macro   0x00001bef       0xef src/adcdac.o
 .debug_macro   0x00001cde       0x6a src/adcdac.o
 .debug_macro   0x00001d48      0x1df src/adcdac.o
 .debug_macro   0x00001f27       0x20 src/adcdac.o
 .debug_macro   0x00001f47       0x3a src/adcdac.o
 .debug_macro   0x00001f81       0x18 src/adcdac.o
 .debug_macro   0x00001f99      0xb08 src/adcdac.o
 .debug_macro   0x00002aa1      0xab3 src/adcdac.o
 .debug_macro   0x00003554      0x566 src/adcdac.o
 .debug_macro   0x00003aba      0x2b2 src/adcdac.o
 .debug_macro   0x00003d6c      0x317 src/adcdac.o
 .debug_macro   0x00004083      0x74c src/adcdac.o
 .debug_macro   0x000047cf       0x82 src/adcdac.o
 .debug_macro   0x00004851      0x578 src/adcdac.o
 .debug_macro   0x00004dc9       0x1c src/adcdac.o
 .debug_macro   0x00004de5      0x6b5 src/adcdac.o
 .debug_macro   0x0000549a      0x52a src/adcdac.o
 .debug_macro   0x000059c4       0xbe src/adcdac.o
 .debug_macro   0x00005a82     0x233f src/adcdac.o
 .debug_macro   0x00007dc1      0x85a src/adcdac.o
 .debug_macro   0x0000861b      0xdc6 src/adcdac.o
 .debug_macro   0x000093e1       0x7c src/adcdac.o
 .debug_macro   0x0000945d      0x261 src/adcdac.o
 .debug_macro   0x000096be       0x58 src/adcdac.o
 .debug_macro   0x00009716      0x9a5 src/adcdac.o
 .debug_macro   0x0000a0bb      0x246 src/adcdac.o
 .debug_macro   0x0000a301      0x4dc src/adcdac.o
 .debug_macro   0x0000a7dd      0x6b0 src/adcdac.o
 .debug_macro   0x0000ae8d      0x59c src/adcdac.o
 .debug_macro   0x0000b429       0x46 src/adcdac.o
 .debug_macro   0x0000b46f      0x34a src/adcdac.o
 .debug_macro   0x0000b7b9      0x289 src/adcdac.o
 .debug_macro   0x0000ba42     0x14d7 src/adcdac.o
 .debug_macro   0x0000cf19      0x7b7 src/adcdac.o
 .debug_macro   0x0000d6d0       0x76 src/adcdac.o
 .debug_macro   0x0000d746       0x82 src/adcdac.o
 .debug_macro   0x0000d7c8       0x76 src/adcdac.o
 .debug_macro   0x0000d83e       0x4c src/adcdac.o
 .debug_macro   0x0000d88a      0x102 src/adcdac.o
 .debug_macro   0x0000d98c      0x102 src/adcdac.o
 .debug_macro   0x0000da8e      0x102 src/adcdac.o
 .debug_macro   0x0000db90       0x88 src/adcdac.o
 .debug_macro   0x0000dc18       0x88 src/adcdac.o
 .debug_macro   0x0000dca0      0x3b4 src/adcdac.o
 .debug_macro   0x0000e054       0xb8 src/adcdac.o
 .debug_macro   0x0000e10c       0xb8 src/adcdac.o
 .debug_macro   0x0000e1c4       0xb8 src/adcdac.o
 .debug_macro   0x0000e27c       0xb8 src/adcdac.o
 .debug_macro   0x0000e334      0x2b8 src/adcdac.o
 .debug_macro   0x0000e5ec      0x122 src/adcdac.o
 .debug_macro   0x0000e70e      0x222 src/adcdac.o
 .debug_macro   0x0000e930      0x222 src/adcdac.o
 .debug_macro   0x0000eb52       0x2e src/adcdac.o
 .debug_macro   0x0000eb80       0xac src/adcdac.o
 .debug_macro   0x0000ec2c      0x14a src/adcdac.o
 .debug_macro   0x0000ed76       0x7c src/adcdac.o
 .debug_macro   0x0000edf2      0x202 src/adcdac.o
 .debug_macro   0x0000eff4       0x64 src/adcdac.o
 .debug_macro   0x0000f058       0xa6 src/adcdac.o
 .debug_macro   0x0000f0fe       0x7c src/adcdac.o
 .debug_macro   0x0000f17a       0x16 src/adcdac.o
 .debug_macro   0x0000f190       0x22 src/adcdac.o
 .debug_macro   0x0000f1b2       0x22 src/adcdac.o
 .debug_macro   0x0000f1d4      0x112 src/adcdac.o
 .debug_macro   0x0000f2e6      0x112 src/adcdac.o
 .debug_macro   0x0000f3f8      0x112 src/adcdac.o
 .debug_macro   0x0000f50a      0x112 src/adcdac.o
 .debug_macro   0x0000f61c       0x1c src/adcdac.o
 .debug_macro   0x0000f638       0x2e src/adcdac.o
 .debug_macro   0x0000f666       0x22 src/adcdac.o
 .debug_macro   0x0000f688       0x1c src/adcdac.o
 .debug_macro   0x0000f6a4       0x58 src/adcdac.o
 .debug_macro   0x0000f6fc       0x10 src/adcdac.o
 .debug_macro   0x0000f70c      0x273 src/adcdac.o
 .debug_macro   0x0000f97f      0xd40 src/adcdac.o
 .debug_macro   0x000106bf      0x131 src/adcdac.o
 .debug_macro   0x000107f0       0x58 src/adcdac.o
 .debug_macro   0x00010848       0x35 src/adcdac.o
 .debug_macro   0x0001087d       0x9c src/adcdac.o
 .debug_macro   0x00010919       0x16 src/adcdac.o
 .debug_macro   0x0001092f       0x35 src/adcdac.o
 .debug_macro   0x00010964      0x353 src/adcdac.o
 .debug_macro   0x00010cb7       0x10 src/adcdac.o
 .debug_macro   0x00010cc7       0x58 src/adcdac.o
 .debug_macro   0x00010d1f       0x1f src/adcdac.o
 .debug_macro   0x00010d3e       0x43 src/adcdac.o
 .debug_macro   0x00010d81       0x20 src/adcdac.o
 .debug_macro   0x00010da1      0x187 src/adcdac.o
 .debug_macro   0x00010f28       0x10 src/adcdac.o
 .debug_macro   0x00010f38       0x1c src/adcdac.o
 .debug_macro   0x00010f54       0x52 src/adcdac.o
 .debug_macro   0x00010fa6       0x40 src/adcdac.o
 .debug_macro   0x00010fe6       0x10 src/adcdac.o
 .debug_macro   0x00010ff6       0x40 src/adcdac.o
 .debug_macro   0x00011036       0xd7 src/adcdac.o
 .debug_macro   0x0001110d       0x16 src/adcdac.o
 .debug_macro   0x00011123      0x18b src/adcdac.o
 .debug_macro   0x000112ae       0x22 src/adcdac.o
 .debug_macro   0x000112d0       0x16 src/adcdac.o
 .debug_macro   0x000112e6       0x16 src/adcdac.o
 .debug_macro   0x000112fc       0x29 src/adcdac.o
 .debug_macro   0x00011325       0x66 src/adcdac.o
 .debug_macro   0x0001138b       0x3e src/adcdac.o
 .debug_macro   0x000113c9      0x3c3 src/adcdac.o
 .debug_macro   0x0001178c       0x1c src/adcdac.o
 .debug_macro   0x000117a8       0x16 src/adcdac.o
 .debug_macro   0x000117be       0x94 src/adcdac.o
 .debug_macro   0x00011852       0x40 src/adcdac.o
 .debug_macro   0x00011892      0x1e3 src/adcdac.o
 .debug_macro   0x00011a75      0x78f src/adcdac.o
 .debug_macro   0x00012204       0x34 src/adcdac.o
 .debug_macro   0x00012238       0x58 src/adcdac.o
 .debug_macro   0x00012290       0x64 src/adcdac.o
 .debug_macro   0x000122f4       0x5f src/adcdac.o
 .debug_macro   0x00012353       0x90 src/adcdac.o
 .debug_macro   0x000123e3       0x6a src/adcdac.o
 .debug_macro   0x0001244d       0x2e src/adcdac.o
 .debug_macro   0x0001247b      0x563 src/ASF/sam/drivers/adc/adc.o
 .debug_macro   0x000129de      0x66a src/sampel_int.o
 .debug_macro   0x00013048       0x10 src/sampel_int.o
 .debug_macro   0x00013058      0x56f src/ASF/sam/drivers/dacc/dacc.o
 .debug_macro   0x000135c7       0x10 src/ASF/sam/drivers/dacc/dacc.o
 .debug_macro   0x000135d7      0x56f src/ASF/sam/drivers/tc/tc.o
 .debug_macro   0x00013b46       0x52 src/ASF/sam/drivers/tc/tc.o
 .debug_macro   0x00013b98       0x8d src/ASF/sam/drivers/tc/tc.o
 .debug_macro   0x00013c25       0x16 src/ASF/sam/drivers/tc/tc.o
 .debug_macro   0x00013c3b       0x57 src/ASF/sam/drivers/tc/tc.o
 .debug_macro   0x00013c92       0x1c src/ASF/sam/drivers/tc/tc.o
 .debug_macro   0x00013cae      0x66b src/conf_tc.o
 .debug_macro   0x00014319      0x680 src/main.o
 .debug_macro   0x00014999      0x5d5 src/ASF/common/services/clock/sam3x/sysclk.o
 .debug_macro   0x00014f6e      0x1dd src/ASF/common/services/clock/sam3x/sysclk.o
 .debug_macro   0x0001514b      0x61a src/ASF/sam/boards/arduino_due_x/init.o
 .debug_macro   0x00015765       0x16 src/ASF/sam/boards/arduino_due_x/init.o
 .debug_macro   0x0001577b      0x570 src/ASF/sam/drivers/pio/pio.o
 .debug_macro   0x00015ceb       0x8e src/ASF/sam/drivers/pio/pio.o
 .debug_macro   0x00015d79      0x57d src/ASF/sam/drivers/pio/pio_handler.o
 .debug_macro   0x000162f6      0x569 src/ASF/sam/drivers/pmc/pmc.o
 .debug_macro   0x0001685f       0x52 src/ASF/sam/drivers/pmc/pmc.o
 .debug_macro   0x000168b1      0x35b src/ASF/sam/utils/cmsis/sam3x/source/templates/exceptions.o
 .debug_macro   0x00016c0c      0x369 src/ASF/sam/utils/cmsis/sam3x/source/templates/gcc/startup_sam3x.o
 .debug_macro   0x00016f75      0x36d src/ASF/sam/utils/cmsis/sam3x/source/templates/system_sam3x.o
 .debug_macro   0x000172e2       0x26 src/ASF/sam/utils/cmsis/sam3x/source/templates/system_sam3x.o

.debug_line     0x00000000     0xc0d4
 .debug_line    0x00000000      0xdf9 src/adcdac.o
 .debug_line    0x00000df9      0xed2 src/ASF/sam/drivers/adc/adc.o
 .debug_line    0x00001ccb      0xe16 src/sampel_int.o
 .debug_line    0x00002ae1      0xcbd src/ASF/sam/drivers/dacc/dacc.o
 .debug_line    0x0000379e      0xce6 src/ASF/sam/drivers/tc/tc.o
 .debug_line    0x00004484      0xdf0 src/conf_tc.o
 .debug_line    0x00005274      0xe10 src/main.o
 .debug_line    0x00006084      0xcbb src/ASF/common/services/clock/sam3x/sysclk.o
 .debug_line    0x00006d3f      0xd4d src/ASF/sam/boards/arduino_due_x/init.o
 .debug_line    0x00007a8c      0xea0 src/ASF/sam/drivers/pio/pio.o
 .debug_line    0x0000892c      0xc07 src/ASF/sam/drivers/pio/pio_handler.o
 .debug_line    0x00009533     0x1086 src/ASF/sam/drivers/pmc/pmc.o
 .debug_line    0x0000a5b9      0x8c4 src/ASF/sam/utils/cmsis/sam3x/source/templates/exceptions.o
 .debug_line    0x0000ae7d      0x90d src/ASF/sam/utils/cmsis/sam3x/source/templates/gcc/startup_sam3x.o
 .debug_line    0x0000b78a      0x94a src/ASF/sam/utils/cmsis/sam3x/source/templates/system_sam3x.o

.debug_str      0x00000000    0x606fb
 .debug_str     0x00000000    0x5e1f1 src/adcdac.o
                              0x5e5a4 (size before relaxing)
 .debug_str     0x0005e1f1      0x701 src/ASF/sam/drivers/adc/adc.o
                              0x5a855 (size before relaxing)
 .debug_str     0x0005e8f2      0x399 src/sampel_int.o
                              0x5e66e (size before relaxing)
 .debug_str     0x0005ec8b      0x247 src/ASF/sam/drivers/dacc/dacc.o
                              0x5a220 (size before relaxing)
 .debug_str     0x0005eed2      0x2f0 src/ASF/sam/drivers/tc/tc.o
                              0x5a16a (size before relaxing)
 .debug_str     0x0005f1c2      0x2b9 src/conf_tc.o
                              0x5e44d (size before relaxing)
 .debug_str     0x0005f47b       0xa6 src/main.o
                              0x5e46f (size before relaxing)
 .debug_str     0x0005f521      0x358 src/ASF/common/services/clock/sam3x/sysclk.o
                              0x5db6e (size before relaxing)
 .debug_str     0x0005f879       0xbe src/ASF/sam/boards/arduino_due_x/init.o
                              0x5e250 (size before relaxing)
 .debug_str     0x0005f937      0x3e3 src/ASF/sam/drivers/pio/pio.o
                              0x5a766 (size before relaxing)
 .debug_str     0x0005fd1a      0x1bf src/ASF/sam/drivers/pio/pio_handler.o
                              0x5a825 (size before relaxing)
 .debug_str     0x0005fed9      0x56c src/ASF/sam/drivers/pmc/pmc.o
                              0x5a7a9 (size before relaxing)
 .debug_str     0x00060445       0x4d src/ASF/sam/utils/cmsis/sam3x/source/templates/exceptions.o
                              0x4ca22 (size before relaxing)
 .debug_str     0x00060492       0xd4 src/ASF/sam/utils/cmsis/sam3x/source/templates/gcc/startup_sam3x.o
                              0x4cb1e (size before relaxing)
 .debug_str     0x00060566      0x195 src/ASF/sam/utils/cmsis/sam3x/source/templates/system_sam3x.o
                              0x4ccfa (size before relaxing)

.debug_frame    0x00000000     0x117c
 .debug_frame   0x00000000       0x48 src/adcdac.o
 .debug_frame   0x00000048      0x320 src/ASF/sam/drivers/adc/adc.o
 .debug_frame   0x00000368       0x34 src/sampel_int.o
 .debug_frame   0x0000039c      0x16c src/ASF/sam/drivers/dacc/dacc.o
 .debug_frame   0x00000508      0x1a8 src/ASF/sam/drivers/tc/tc.o
 .debug_frame   0x000006b0       0x28 src/conf_tc.o
 .debug_frame   0x000006d8       0x28 src/main.o
 .debug_frame   0x00000700       0x88 src/ASF/common/services/clock/sam3x/sysclk.o
 .debug_frame   0x00000788       0x28 src/ASF/sam/boards/arduino_due_x/init.o
 .debug_frame   0x000007b0      0x2b8 src/ASF/sam/drivers/pio/pio.o
 .debug_frame   0x00000a68       0xf0 src/ASF/sam/drivers/pio/pio_handler.o
 .debug_frame   0x00000b58      0x3dc src/ASF/sam/drivers/pmc/pmc.o
 .debug_frame   0x00000f34       0x20 src/ASF/sam/utils/cmsis/sam3x/source/templates/exceptions.o
 .debug_frame   0x00000f54       0x28 src/ASF/sam/utils/cmsis/sam3x/source/templates/gcc/startup_sam3x.o
 .debug_frame   0x00000f7c       0x40 src/ASF/sam/utils/cmsis/sam3x/source/templates/system_sam3x.o
 .debug_frame   0x00000fbc       0x2c c:/program files (x86)/atmel/studio/7.0/toolchain/arm/arm-gnu-toolchain/bin/../lib/gcc/arm-none-eabi/6.3.1/../../../../arm-none-eabi/lib/thumb/v7-m\libc.a(lib_a-init.o)
 .debug_frame   0x00000fe8       0x5c c:/program files (x86)/atmel/studio/7.0/toolchain/arm/arm-gnu-toolchain/bin/../lib/gcc/arm-none-eabi/6.3.1/../../../../arm-none-eabi/lib/thumb/v7-m\libc.a(lib_a-__call_atexit.o)
 .debug_frame   0x00001044       0x20 c:/program files (x86)/atmel/studio/7.0/toolchain/arm/arm-gnu-toolchain/bin/../lib/gcc/arm-none-eabi/6.3.1/../../../../arm-none-eabi/lib/thumb/v7-m\libc.a(lib_a-atexit.o)
 .debug_frame   0x00001064       0x34 c:/program files (x86)/atmel/studio/7.0/toolchain/arm/arm-gnu-toolchain/bin/../lib/gcc/arm-none-eabi/6.3.1/../../../../arm-none-eabi/lib/thumb/v7-m\libc.a(lib_a-fini.o)
 .debug_frame   0x00001098       0xb0 c:/program files (x86)/atmel/studio/7.0/toolchain/arm/arm-gnu-toolchain/bin/../lib/gcc/arm-none-eabi/6.3.1/../../../../arm-none-eabi/lib/thumb/v7-m\libc.a(lib_a-lock.o)
 .debug_frame   0x00001148       0x34 c:/program files (x86)/atmel/studio/7.0/toolchain/arm/arm-gnu-toolchain/bin/../lib/gcc/arm-none-eabi/6.3.1/../../../../arm-none-eabi/lib/thumb/v7-m\libc.a(lib_a-__atexit.o)

Cross Reference Table

Symbol                                            File
ADC_Handler                                       src/ASF/sam/utils/cmsis/sam3x/source/templates/exceptions.o
                                                  src/ASF/sam/utils/cmsis/sam3x/source/templates/gcc/startup_sam3x.o
BusFault_Handler                                  src/ASF/sam/utils/cmsis/sam3x/source/templates/exceptions.o
                                                  src/ASF/sam/utils/cmsis/sam3x/source/templates/gcc/startup_sam3x.o
CAN0_Handler                                      src/ASF/sam/utils/cmsis/sam3x/source/templates/exceptions.o
                                                  src/ASF/sam/utils/cmsis/sam3x/source/templates/gcc/startup_sam3x.o
CAN1_Handler                                      src/ASF/sam/utils/cmsis/sam3x/source/templates/exceptions.o
                                                  src/ASF/sam/utils/cmsis/sam3x/source/templates/gcc/startup_sam3x.o
DACC_Handler                                      src/ASF/sam/utils/cmsis/sam3x/source/templates/exceptions.o
                                                  src/ASF/sam/utils/cmsis/sam3x/source/templates/gcc/startup_sam3x.o
DMAC_Handler                                      src/ASF/sam/utils/cmsis/sam3x/source/templates/exceptions.o
                                                  src/ASF/sam/utils/cmsis/sam3x/source/templates/gcc/startup_sam3x.o
DebugMon_Handler                                  src/ASF/sam/utils/cmsis/sam3x/source/templates/exceptions.o
                                                  src/ASF/sam/utils/cmsis/sam3x/source/templates/gcc/startup_sam3x.o
Dummy_Handler                                     src/ASF/sam/utils/cmsis/sam3x/source/templates/exceptions.o
EFC0_Handler                                      src/ASF/sam/utils/cmsis/sam3x/source/templates/exceptions.o
                                                  src/ASF/sam/utils/cmsis/sam3x/source/templates/gcc/startup_sam3x.o
EFC1_Handler                                      src/ASF/sam/utils/cmsis/sam3x/source/templates/exceptions.o
                                                  src/ASF/sam/utils/cmsis/sam3x/source/templates/gcc/startup_sam3x.o
EMAC_Handler                                      src/ASF/sam/utils/cmsis/sam3x/source/templates/exceptions.o
                                                  src/ASF/sam/utils/cmsis/sam3x/source/templates/gcc/startup_sam3x.o
HSMCI_Handler                                     src/ASF/sam/utils/cmsis/sam3x/source/templates/exceptions.o
                                                  src/ASF/sam/utils/cmsis/sam3x/source/templates/gcc/startup_sam3x.o
HardFault_Handler                                 src/ASF/sam/utils/cmsis/sam3x/source/templates/exceptions.o
                                                  src/ASF/sam/utils/cmsis/sam3x/source/templates/gcc/startup_sam3x.o
MemManage_Handler                                 src/ASF/sam/utils/cmsis/sam3x/source/templates/exceptions.o
                                                  src/ASF/sam/utils/cmsis/sam3x/source/templates/gcc/startup_sam3x.o
NMI_Handler                                       src/ASF/sam/utils/cmsis/sam3x/source/templates/exceptions.o
                                                  src/ASF/sam/utils/cmsis/sam3x/source/templates/gcc/startup_sam3x.o
PIOA_Handler                                      src/ASF/sam/drivers/pio/pio_handler.o
                                                  src/ASF/sam/utils/cmsis/sam3x/source/templates/gcc/startup_sam3x.o
PIOB_Handler                                      src/ASF/sam/drivers/pio/pio_handler.o
                                                  src/ASF/sam/utils/cmsis/sam3x/source/templates/gcc/startup_sam3x.o
PIOC_Handler                                      src/ASF/sam/drivers/pio/pio_handler.o
                                                  src/ASF/sam/utils/cmsis/sam3x/source/templates/gcc/startup_sam3x.o
PIOD_Handler                                      src/ASF/sam/drivers/pio/pio_handler.o
                                                  src/ASF/sam/utils/cmsis/sam3x/source/templates/gcc/startup_sam3x.o
PMC_Handler                                       src/ASF/sam/utils/cmsis/sam3x/source/templates/exceptions.o
                                                  src/ASF/sam/utils/cmsis/sam3x/source/templates/gcc/startup_sam3x.o
PWM_Handler                                       src/ASF/sam/utils/cmsis/sam3x/source/templates/exceptions.o
                                                  src/ASF/sam/utils/cmsis/sam3x/source/templates/gcc/startup_sam3x.o
PendSV_Handler                                    src/ASF/sam/utils/cmsis/sam3x/source/templates/exceptions.o
                                                  src/ASF/sam/utils/cmsis/sam3x/source/templates/gcc/startup_sam3x.o
RSTC_Handler                                      src/ASF/sam/utils/cmsis/sam3x/source/templates/exceptions.o
                                                  src/ASF/sam/utils/cmsis/sam3x/source/templates/gcc/startup_sam3x.o
RTC_Handler                                       src/ASF/sam/utils/cmsis/sam3x/source/templates/exceptions.o
                                                  src/ASF/sam/utils/cmsis/sam3x/source/templates/gcc/startup_sam3x.o
RTT_Handler                                       src/ASF/sam/utils/cmsis/sam3x/source/templates/exceptions.o
                                                  src/ASF/sam/utils/cmsis/sam3x/source/templates/gcc/startup_sam3x.o
Reset_Handler                                     src/ASF/sam/utils/cmsis/sam3x/source/templates/gcc/startup_sam3x.o
SMC_Handler                                       src/ASF/sam/utils/cmsis/sam3x/source/templates/exceptions.o
                                                  src/ASF/sam/utils/cmsis/sam3x/source/templates/gcc/startup_sam3x.o
SPI0_Handler                                      src/ASF/sam/utils/cmsis/sam3x/source/templates/exceptions.o
                                                  src/ASF/sam/utils/cmsis/sam3x/source/templates/gcc/startup_sam3x.o
SSC_Handler                                       src/ASF/sam/utils/cmsis/sam3x/source/templates/exceptions.o
                                                  src/ASF/sam/utils/cmsis/sam3x/source/templates/gcc/startup_sam3x.o
SUPC_Handler                                      src/ASF/sam/utils/cmsis/sam3x/source/templates/exceptions.o
                                                  src/ASF/sam/utils/cmsis/sam3x/source/templates/gcc/startup_sam3x.o
SVC_Handler                                       src/ASF/sam/utils/cmsis/sam3x/source/templates/exceptions.o
                                                  src/ASF/sam/utils/cmsis/sam3x/source/templates/gcc/startup_sam3x.o
SysTick_Handler                                   src/ASF/sam/utils/cmsis/sam3x/source/templates/exceptions.o
                                                  src/ASF/sam/utils/cmsis/sam3x/source/templates/gcc/startup_sam3x.o
SystemCoreClock                                   src/ASF/sam/utils/cmsis/sam3x/source/templates/system_sam3x.o
SystemCoreClockUpdate                             src/ASF/sam/utils/cmsis/sam3x/source/templates/system_sam3x.o
                                                  src/ASF/common/services/clock/sam3x/sysclk.o
SystemInit                                        src/ASF/sam/utils/cmsis/sam3x/source/templates/system_sam3x.o
TC0_Handler                                       src/sampel_int.o
                                                  src/ASF/sam/utils/cmsis/sam3x/source/templates/gcc/startup_sam3x.o
TC1_Handler                                       src/ASF/sam/utils/cmsis/sam3x/source/templates/exceptions.o
                                                  src/ASF/sam/utils/cmsis/sam3x/source/templates/gcc/startup_sam3x.o
TC2_Handler                                       src/ASF/sam/utils/cmsis/sam3x/source/templates/exceptions.o
                                                  src/ASF/sam/utils/cmsis/sam3x/source/templates/gcc/startup_sam3x.o
TC3_Handler                                       src/ASF/sam/utils/cmsis/sam3x/source/templates/exceptions.o
                                                  src/ASF/sam/utils/cmsis/sam3x/source/templates/gcc/startup_sam3x.o
TC4_Handler                                       src/ASF/sam/utils/cmsis/sam3x/source/templates/exceptions.o
                                                  src/ASF/sam/utils/cmsis/sam3x/source/templates/gcc/startup_sam3x.o
TC5_Handler                                       src/ASF/sam/utils/cmsis/sam3x/source/templates/exceptions.o
                                                  src/ASF/sam/utils/cmsis/sam3x/source/templates/gcc/startup_sam3x.o
TC6_Handler                                       src/ASF/sam/utils/cmsis/sam3x/source/templates/exceptions.o
                                                  src/ASF/sam/utils/cmsis/sam3x/source/templates/gcc/startup_sam3x.o
TC7_Handler                                       src/ASF/sam/utils/cmsis/sam3x/source/templates/exceptions.o
                                                  src/ASF/sam/utils/cmsis/sam3x/source/templates/gcc/startup_sam3x.o
TC8_Handler                                       src/ASF/sam/utils/cmsis/sam3x/source/templates/exceptions.o
                                                  src/ASF/sam/utils/cmsis/sam3x/source/templates/gcc/startup_sam3x.o
TRNG_Handler                                      src/ASF/sam/utils/cmsis/sam3x/source/templates/exceptions.o
                                                  src/ASF/sam/utils/cmsis/sam3x/source/templates/gcc/startup_sam3x.o
TWI0_Handler                                      src/ASF/sam/utils/cmsis/sam3x/source/templates/exceptions.o
                                                  src/ASF/sam/utils/cmsis/sam3x/source/templates/gcc/startup_sam3x.o
TWI1_Handler                                      src/ASF/sam/utils/cmsis/sam3x/source/templates/exceptions.o
                                                  src/ASF/sam/utils/cmsis/sam3x/source/templates/gcc/startup_sam3x.o
UART_Handler                                      src/ASF/sam/utils/cmsis/sam3x/source/templates/exceptions.o
                                                  src/ASF/sam/utils/cmsis/sam3x/source/templates/gcc/startup_sam3x.o
UOTGHS_Handler                                    src/ASF/sam/utils/cmsis/sam3x/source/templates/exceptions.o
                                                  src/ASF/sam/utils/cmsis/sam3x/source/templates/gcc/startup_sam3x.o
USART0_Handler                                    src/ASF/sam/utils/cmsis/sam3x/source/templates/exceptions.o
                                                  src/ASF/sam/utils/cmsis/sam3x/source/templates/gcc/startup_sam3x.o
USART1_Handler                                    src/ASF/sam/utils/cmsis/sam3x/source/templates/exceptions.o
                                                  src/ASF/sam/utils/cmsis/sam3x/source/templates/gcc/startup_sam3x.o
USART2_Handler                                    src/ASF/sam/utils/cmsis/sam3x/source/templates/exceptions.o
                                                  src/ASF/sam/utils/cmsis/sam3x/source/templates/gcc/startup_sam3x.o
USART3_Handler                                    src/ASF/sam/utils/cmsis/sam3x/source/templates/exceptions.o
                                                  src/ASF/sam/utils/cmsis/sam3x/source/templates/gcc/startup_sam3x.o
UsageFault_Handler                                src/ASF/sam/utils/cmsis/sam3x/source/templates/exceptions.o
                                                  src/ASF/sam/utils/cmsis/sam3x/source/templates/gcc/startup_sam3x.o
WDT_Handler                                       src/ASF/sam/utils/cmsis/sam3x/source/templates/exceptions.o
                                                  src/ASF/sam/utils/cmsis/sam3x/source/templates/gcc/startup_sam3x.o
_Jv_RegisterClasses                               c:/program files (x86)/atmel/studio/7.0/toolchain/arm/arm-gnu-toolchain/bin/../lib/gcc/arm-none-eabi/6.3.1/thumb/v7-m/crtbegin.o
_PathLocale                                       c:/program files (x86)/atmel/studio/7.0/toolchain/arm/arm-gnu-toolchain/bin/../lib/gcc/arm-none-eabi/6.3.1/../../../../arm-none-eabi/lib/thumb/v7-m\libc.a(lib_a-locale.o)
__aeabi_idiv0                                     c:/program files (x86)/atmel/studio/7.0/toolchain/arm/arm-gnu-toolchain/bin/../lib/gcc/arm-none-eabi/6.3.1/thumb/v7-m\libgcc.a(_dvmd_tls.o)
__aeabi_ldiv0                                     c:/program files (x86)/atmel/studio/7.0/toolchain/arm/arm-gnu-toolchain/bin/../lib/gcc/arm-none-eabi/6.3.1/thumb/v7-m\libgcc.a(_dvmd_tls.o)
                                                  c:/program files (x86)/atmel/studio/7.0/toolchain/arm/arm-gnu-toolchain/bin/../lib/gcc/arm-none-eabi/6.3.1/thumb/v7-m\libgcc.a(_aeabi_uldivmod.o)
__aeabi_uldivmod                                  c:/program files (x86)/atmel/studio/7.0/toolchain/arm/arm-gnu-toolchain/bin/../lib/gcc/arm-none-eabi/6.3.1/thumb/v7-m\libgcc.a(_aeabi_uldivmod.o)
                                                  c:/program files (x86)/atmel/studio/7.0/toolchain/arm/arm-gnu-toolchain/bin/../lib/gcc/arm-none-eabi/6.3.1/../../../../arm-none-eabi/lib/thumb/v7-m\libc.a(lib_a-vfiprintf.o)
__ascii_mbtowc                                    c:/program files (x86)/atmel/studio/7.0/toolchain/arm/arm-gnu-toolchain/bin/../lib/gcc/arm-none-eabi/6.3.1/../../../../arm-none-eabi/lib/thumb/v7-m\libc.a(lib_a-mbtowc_r.o)
                                                  c:/program files (x86)/atmel/studio/7.0/toolchain/arm/arm-gnu-toolchain/bin/../lib/gcc/arm-none-eabi/6.3.1/../../../../arm-none-eabi/lib/thumb/v7-m\libc.a(lib_a-locale.o)
__ascii_wctomb                                    c:/program files (x86)/atmel/studio/7.0/toolchain/arm/arm-gnu-toolchain/bin/../lib/gcc/arm-none-eabi/6.3.1/../../../../arm-none-eabi/lib/thumb/v7-m\libc.a(lib_a-wctomb_r.o)
                                                  c:/program files (x86)/atmel/studio/7.0/toolchain/arm/arm-gnu-toolchain/bin/../lib/gcc/arm-none-eabi/6.3.1/../../../../arm-none-eabi/lib/thumb/v7-m\libc.a(lib_a-locale.o)
__atexit_recursive_mutex                          c:/program files (x86)/atmel/studio/7.0/toolchain/arm/arm-gnu-toolchain/bin/../lib/gcc/arm-none-eabi/6.3.1/../../../../arm-none-eabi/lib/thumb/v7-m\libc.a(lib_a-__call_atexit.o)
                                                  c:/program files (x86)/atmel/studio/7.0/toolchain/arm/arm-gnu-toolchain/bin/../lib/gcc/arm-none-eabi/6.3.1/../../../../arm-none-eabi/lib/thumb/v7-m\libc.a(lib_a-__atexit.o)
__bss_end__                                       c:/program files (x86)/atmel/studio/7.0/toolchain/arm/arm-gnu-toolchain/bin/../lib/gcc/arm-none-eabi/6.3.1/../../../../arm-none-eabi/lib/thumb/v7-m/crt0.o
__bss_start__                                     c:/program files (x86)/atmel/studio/7.0/toolchain/arm/arm-gnu-toolchain/bin/../lib/gcc/arm-none-eabi/6.3.1/../../../../arm-none-eabi/lib/thumb/v7-m/crt0.o
__call_exitprocs                                  c:/program files (x86)/atmel/studio/7.0/toolchain/arm/arm-gnu-toolchain/bin/../lib/gcc/arm-none-eabi/6.3.1/../../../../arm-none-eabi/lib/thumb/v7-m\libc.a(lib_a-__call_atexit.o)
                                                  c:/program files (x86)/atmel/studio/7.0/toolchain/arm/arm-gnu-toolchain/bin/../lib/gcc/arm-none-eabi/6.3.1/../../../../arm-none-eabi/lib/thumb/v7-m\libc.a(lib_a-exit.o)
__deregister_frame_info                           c:/program files (x86)/atmel/studio/7.0/toolchain/arm/arm-gnu-toolchain/bin/../lib/gcc/arm-none-eabi/6.3.1/thumb/v7-m/crtbegin.o
__dso_handle                                      c:/program files (x86)/atmel/studio/7.0/toolchain/arm/arm-gnu-toolchain/bin/../lib/gcc/arm-none-eabi/6.3.1/thumb/v7-m/crtbegin.o
__fini_array_end                                  c:/program files (x86)/atmel/studio/7.0/toolchain/arm/arm-gnu-toolchain/bin/../lib/gcc/arm-none-eabi/6.3.1/../../../../arm-none-eabi/lib/thumb/v7-m\libc.a(lib_a-fini.o)
__fini_array_start                                c:/program files (x86)/atmel/studio/7.0/toolchain/arm/arm-gnu-toolchain/bin/../lib/gcc/arm-none-eabi/6.3.1/../../../../arm-none-eabi/lib/thumb/v7-m\libc.a(lib_a-fini.o)
__fp_lock_all                                     c:/program files (x86)/atmel/studio/7.0/toolchain/arm/arm-gnu-toolchain/bin/../lib/gcc/arm-none-eabi/6.3.1/../../../../arm-none-eabi/lib/thumb/v7-m\libc.a(lib_a-findfp.o)
__fp_unlock_all                                   c:/program files (x86)/atmel/studio/7.0/toolchain/arm/arm-gnu-toolchain/bin/../lib/gcc/arm-none-eabi/6.3.1/../../../../arm-none-eabi/lib/thumb/v7-m\libc.a(lib_a-findfp.o)
__fputwc                                          c:/program files (x86)/atmel/studio/7.0/toolchain/arm/arm-gnu-toolchain/bin/../lib/gcc/arm-none-eabi/6.3.1/../../../../arm-none-eabi/lib/thumb/v7-m\libc.a(lib_a-fputwc.o)
__global_locale                                   c:/program files (x86)/atmel/studio/7.0/toolchain/arm/arm-gnu-toolchain/bin/../lib/gcc/arm-none-eabi/6.3.1/../../../../arm-none-eabi/lib/thumb/v7-m\libc.a(lib_a-locale.o)
                                                  c:/program files (x86)/atmel/studio/7.0/toolchain/arm/arm-gnu-toolchain/bin/../lib/gcc/arm-none-eabi/6.3.1/../../../../arm-none-eabi/lib/thumb/v7-m\libc.a(lib_a-wctomb_r.o)
                                                  c:/program files (x86)/atmel/studio/7.0/toolchain/arm/arm-gnu-toolchain/bin/../lib/gcc/arm-none-eabi/6.3.1/../../../../arm-none-eabi/lib/thumb/v7-m\libc.a(lib_a-wcrtomb.o)
                                                  c:/program files (x86)/atmel/studio/7.0/toolchain/arm/arm-gnu-toolchain/bin/../lib/gcc/arm-none-eabi/6.3.1/../../../../arm-none-eabi/lib/thumb/v7-m\libc.a(lib_a-mbtowc_r.o)
__init_array_end                                  c:/program files (x86)/atmel/studio/7.0/toolchain/arm/arm-gnu-toolchain/bin/../lib/gcc/arm-none-eabi/6.3.1/../../../../arm-none-eabi/lib/thumb/v7-m\libc.a(lib_a-init.o)
__init_array_start                                c:/program files (x86)/atmel/studio/7.0/toolchain/arm/arm-gnu-toolchain/bin/../lib/gcc/arm-none-eabi/6.3.1/../../../../arm-none-eabi/lib/thumb/v7-m\libc.a(lib_a-init.o)
__libc_fini                                       c:/program files (x86)/atmel/studio/7.0/toolchain/arm/arm-gnu-toolchain/bin/../lib/gcc/arm-none-eabi/6.3.1/../../../../arm-none-eabi/lib/thumb/v7-m\libc.a(lib_a-__call_atexit.o)
__libc_fini_array                                 c:/program files (x86)/atmel/studio/7.0/toolchain/arm/arm-gnu-toolchain/bin/../lib/gcc/arm-none-eabi/6.3.1/../../../../arm-none-eabi/lib/thumb/v7-m\libc.a(lib_a-fini.o)
                                                  c:/program files (x86)/atmel/studio/7.0/toolchain/arm/arm-gnu-toolchain/bin/../lib/gcc/arm-none-eabi/6.3.1/../../../../arm-none-eabi/lib/thumb/v7-m\libc.a(lib_a-__call_atexit.o)
                                                  c:/program files (x86)/atmel/studio/7.0/toolchain/arm/arm-gnu-toolchain/bin/../lib/gcc/arm-none-eabi/6.3.1/../../../../arm-none-eabi/lib/thumb/v7-m/crt0.o
__libc_init_array                                 c:/program files (x86)/atmel/studio/7.0/toolchain/arm/arm-gnu-toolchain/bin/../lib/gcc/arm-none-eabi/6.3.1/../../../../arm-none-eabi/lib/thumb/v7-m\libc.a(lib_a-init.o)
                                                  src/ASF/sam/utils/cmsis/sam3x/source/templates/gcc/startup_sam3x.o
                                                  c:/program files (x86)/atmel/studio/7.0/toolchain/arm/arm-gnu-toolchain/bin/../lib/gcc/arm-none-eabi/6.3.1/../../../../arm-none-eabi/lib/thumb/v7-m/crt0.o
__locale_ctype_ptr                                c:/program files (x86)/atmel/studio/7.0/toolchain/arm/arm-gnu-toolchain/bin/../lib/gcc/arm-none-eabi/6.3.1/../../../../arm-none-eabi/lib/thumb/v7-m\libc.a(lib_a-locale.o)
__locale_ctype_ptr_l                              c:/program files (x86)/atmel/studio/7.0/toolchain/arm/arm-gnu-toolchain/bin/../lib/gcc/arm-none-eabi/6.3.1/../../../../arm-none-eabi/lib/thumb/v7-m\libc.a(lib_a-locale.o)
__locale_mb_cur_max                               c:/program files (x86)/atmel/studio/7.0/toolchain/arm/arm-gnu-toolchain/bin/../lib/gcc/arm-none-eabi/6.3.1/../../../../arm-none-eabi/lib/thumb/v7-m\libc.a(lib_a-locale.o)
                                                  c:/program files (x86)/atmel/studio/7.0/toolchain/arm/arm-gnu-toolchain/bin/../lib/gcc/arm-none-eabi/6.3.1/../../../../arm-none-eabi/lib/thumb/v7-m\libc.a(lib_a-fputwc.o)
__lock___arc4random_mutex                         c:/program files (x86)/atmel/studio/7.0/toolchain/arm/arm-gnu-toolchain/bin/../lib/gcc/arm-none-eabi/6.3.1/../../../../arm-none-eabi/lib/thumb/v7-m\libc.a(lib_a-lock.o)
__lock___at_quick_exit_mutex                      c:/program files (x86)/atmel/studio/7.0/toolchain/arm/arm-gnu-toolchain/bin/../lib/gcc/arm-none-eabi/6.3.1/../../../../arm-none-eabi/lib/thumb/v7-m\libc.a(lib_a-lock.o)
__lock___atexit_recursive_mutex                   c:/program files (x86)/atmel/studio/7.0/toolchain/arm/arm-gnu-toolchain/bin/../lib/gcc/arm-none-eabi/6.3.1/../../../../arm-none-eabi/lib/thumb/v7-m\libc.a(lib_a-lock.o)
                                                  c:/program files (x86)/atmel/studio/7.0/toolchain/arm/arm-gnu-toolchain/bin/../lib/gcc/arm-none-eabi/6.3.1/../../../../arm-none-eabi/lib/thumb/v7-m\libc.a(lib_a-__call_atexit.o)
__lock___dd_hash_mutex                            c:/program files (x86)/atmel/studio/7.0/toolchain/arm/arm-gnu-toolchain/bin/../lib/gcc/arm-none-eabi/6.3.1/../../../../arm-none-eabi/lib/thumb/v7-m\libc.a(lib_a-lock.o)
__lock___env_recursive_mutex                      c:/program files (x86)/atmel/studio/7.0/toolchain/arm/arm-gnu-toolchain/bin/../lib/gcc/arm-none-eabi/6.3.1/../../../../arm-none-eabi/lib/thumb/v7-m\libc.a(lib_a-lock.o)
__lock___malloc_recursive_mutex                   c:/program files (x86)/atmel/studio/7.0/toolchain/arm/arm-gnu-toolchain/bin/../lib/gcc/arm-none-eabi/6.3.1/../../../../arm-none-eabi/lib/thumb/v7-m\libc.a(lib_a-lock.o)
                                                  c:/program files (x86)/atmel/studio/7.0/toolchain/arm/arm-gnu-toolchain/bin/../lib/gcc/arm-none-eabi/6.3.1/../../../../arm-none-eabi/lib/thumb/v7-m\libc.a(lib_a-mlock.o)
__lock___sfp_recursive_mutex                      c:/program files (x86)/atmel/studio/7.0/toolchain/arm/arm-gnu-toolchain/bin/../lib/gcc/arm-none-eabi/6.3.1/../../../../arm-none-eabi/lib/thumb/v7-m\libc.a(lib_a-lock.o)
                                                  c:/program files (x86)/atmel/studio/7.0/toolchain/arm/arm-gnu-toolchain/bin/../lib/gcc/arm-none-eabi/6.3.1/../../../../arm-none-eabi/lib/thumb/v7-m\libc.a(lib_a-findfp.o)
__lock___sinit_recursive_mutex                    c:/program files (x86)/atmel/studio/7.0/toolchain/arm/arm-gnu-toolchain/bin/../lib/gcc/arm-none-eabi/6.3.1/../../../../arm-none-eabi/lib/thumb/v7-m\libc.a(lib_a-lock.o)
                                                  c:/program files (x86)/atmel/studio/7.0/toolchain/arm/arm-gnu-toolchain/bin/../lib/gcc/arm-none-eabi/6.3.1/../../../../arm-none-eabi/lib/thumb/v7-m\libc.a(lib_a-findfp.o)
__lock___tz_mutex                                 c:/program files (x86)/atmel/studio/7.0/toolchain/arm/arm-gnu-toolchain/bin/../lib/gcc/arm-none-eabi/6.3.1/../../../../arm-none-eabi/lib/thumb/v7-m\libc.a(lib_a-lock.o)
__malloc_av_                                      c:/program files (x86)/atmel/studio/7.0/toolchain/arm/arm-gnu-toolchain/bin/../lib/gcc/arm-none-eabi/6.3.1/../../../../arm-none-eabi/lib/thumb/v7-m\libc.a(lib_a-mallocr.o)
                                                  c:/program files (x86)/atmel/studio/7.0/toolchain/arm/arm-gnu-toolchain/bin/../lib/gcc/arm-none-eabi/6.3.1/../../../../arm-none-eabi/lib/thumb/v7-m\libc.a(lib_a-reallocr.o)
                                                  c:/program files (x86)/atmel/studio/7.0/toolchain/arm/arm-gnu-toolchain/bin/../lib/gcc/arm-none-eabi/6.3.1/../../../../arm-none-eabi/lib/thumb/v7-m\libc.a(lib_a-freer.o)
__malloc_current_mallinfo                         c:/program files (x86)/atmel/studio/7.0/toolchain/arm/arm-gnu-toolchain/bin/../lib/gcc/arm-none-eabi/6.3.1/../../../../arm-none-eabi/lib/thumb/v7-m\libc.a(lib_a-mallocr.o)
                                                  c:/program files (x86)/atmel/studio/7.0/toolchain/arm/arm-gnu-toolchain/bin/../lib/gcc/arm-none-eabi/6.3.1/../../../../arm-none-eabi/lib/thumb/v7-m\libc.a(lib_a-freer.o)
__malloc_lock                                     c:/program files (x86)/atmel/studio/7.0/toolchain/arm/arm-gnu-toolchain/bin/../lib/gcc/arm-none-eabi/6.3.1/../../../../arm-none-eabi/lib/thumb/v7-m\libc.a(lib_a-mlock.o)
                                                  c:/program files (x86)/atmel/studio/7.0/toolchain/arm/arm-gnu-toolchain/bin/../lib/gcc/arm-none-eabi/6.3.1/../../../../arm-none-eabi/lib/thumb/v7-m\libc.a(lib_a-reallocr.o)
                                                  c:/program files (x86)/atmel/studio/7.0/toolchain/arm/arm-gnu-toolchain/bin/../lib/gcc/arm-none-eabi/6.3.1/../../../../arm-none-eabi/lib/thumb/v7-m\libc.a(lib_a-mallocr.o)
                                                  c:/program files (x86)/atmel/studio/7.0/toolchain/arm/arm-gnu-toolchain/bin/../lib/gcc/arm-none-eabi/6.3.1/../../../../arm-none-eabi/lib/thumb/v7-m\libc.a(lib_a-freer.o)
__malloc_max_sbrked_mem                           c:/program files (x86)/atmel/studio/7.0/toolchain/arm/arm-gnu-toolchain/bin/../lib/gcc/arm-none-eabi/6.3.1/../../../../arm-none-eabi/lib/thumb/v7-m\libc.a(lib_a-mallocr.o)
__malloc_max_total_mem                            c:/program files (x86)/atmel/studio/7.0/toolchain/arm/arm-gnu-toolchain/bin/../lib/gcc/arm-none-eabi/6.3.1/../../../../arm-none-eabi/lib/thumb/v7-m\libc.a(lib_a-mallocr.o)
__malloc_sbrk_base                                c:/program files (x86)/atmel/studio/7.0/toolchain/arm/arm-gnu-toolchain/bin/../lib/gcc/arm-none-eabi/6.3.1/../../../../arm-none-eabi/lib/thumb/v7-m\libc.a(lib_a-mallocr.o)
                                                  c:/program files (x86)/atmel/studio/7.0/toolchain/arm/arm-gnu-toolchain/bin/../lib/gcc/arm-none-eabi/6.3.1/../../../../arm-none-eabi/lib/thumb/v7-m\libc.a(lib_a-freer.o)
__malloc_top_pad                                  c:/program files (x86)/atmel/studio/7.0/toolchain/arm/arm-gnu-toolchain/bin/../lib/gcc/arm-none-eabi/6.3.1/../../../../arm-none-eabi/lib/thumb/v7-m\libc.a(lib_a-mallocr.o)
                                                  c:/program files (x86)/atmel/studio/7.0/toolchain/arm/arm-gnu-toolchain/bin/../lib/gcc/arm-none-eabi/6.3.1/../../../../arm-none-eabi/lib/thumb/v7-m\libc.a(lib_a-freer.o)
__malloc_trim_threshold                           c:/program files (x86)/atmel/studio/7.0/toolchain/arm/arm-gnu-toolchain/bin/../lib/gcc/arm-none-eabi/6.3.1/../../../../arm-none-eabi/lib/thumb/v7-m\libc.a(lib_a-mallocr.o)
                                                  c:/program files (x86)/atmel/studio/7.0/toolchain/arm/arm-gnu-toolchain/bin/../lib/gcc/arm-none-eabi/6.3.1/../../../../arm-none-eabi/lib/thumb/v7-m\libc.a(lib_a-freer.o)
__malloc_unlock                                   c:/program files (x86)/atmel/studio/7.0/toolchain/arm/arm-gnu-toolchain/bin/../lib/gcc/arm-none-eabi/6.3.1/../../../../arm-none-eabi/lib/thumb/v7-m\libc.a(lib_a-mlock.o)
                                                  c:/program files (x86)/atmel/studio/7.0/toolchain/arm/arm-gnu-toolchain/bin/../lib/gcc/arm-none-eabi/6.3.1/../../../../arm-none-eabi/lib/thumb/v7-m\libc.a(lib_a-reallocr.o)
                                                  c:/program files (x86)/atmel/studio/7.0/toolchain/arm/arm-gnu-toolchain/bin/../lib/gcc/arm-none-eabi/6.3.1/../../../../arm-none-eabi/lib/thumb/v7-m\libc.a(lib_a-mallocr.o)
                                                  c:/program files (x86)/atmel/studio/7.0/toolchain/arm/arm-gnu-toolchain/bin/../lib/gcc/arm-none-eabi/6.3.1/../../../../arm-none-eabi/lib/thumb/v7-m\libc.a(lib_a-freer.o)
__preinit_array_end                               c:/program files (x86)/atmel/studio/7.0/toolchain/arm/arm-gnu-toolchain/bin/../lib/gcc/arm-none-eabi/6.3.1/../../../../arm-none-eabi/lib/thumb/v7-m\libc.a(lib_a-init.o)
__preinit_array_start                             c:/program files (x86)/atmel/studio/7.0/toolchain/arm/arm-gnu-toolchain/bin/../lib/gcc/arm-none-eabi/6.3.1/../../../../arm-none-eabi/lib/thumb/v7-m\libc.a(lib_a-init.o)
__register_exitproc                               c:/program files (x86)/atmel/studio/7.0/toolchain/arm/arm-gnu-toolchain/bin/../lib/gcc/arm-none-eabi/6.3.1/../../../../arm-none-eabi/lib/thumb/v7-m\libc.a(lib_a-__atexit.o)
                                                  c:/program files (x86)/atmel/studio/7.0/toolchain/arm/arm-gnu-toolchain/bin/../lib/gcc/arm-none-eabi/6.3.1/../../../../arm-none-eabi/lib/thumb/v7-m\libc.a(lib_a-atexit.o)
__register_frame_info                             c:/program files (x86)/atmel/studio/7.0/toolchain/arm/arm-gnu-toolchain/bin/../lib/gcc/arm-none-eabi/6.3.1/thumb/v7-m/crtbegin.o
__retarget_lock_acquire                           c:/program files (x86)/atmel/studio/7.0/toolchain/arm/arm-gnu-toolchain/bin/../lib/gcc/arm-none-eabi/6.3.1/../../../../arm-none-eabi/lib/thumb/v7-m\libc.a(lib_a-lock.o)
__retarget_lock_acquire_recursive                 c:/program files (x86)/atmel/studio/7.0/toolchain/arm/arm-gnu-toolchain/bin/../lib/gcc/arm-none-eabi/6.3.1/../../../../arm-none-eabi/lib/thumb/v7-m\libc.a(lib_a-lock.o)
                                                  c:/program files (x86)/atmel/studio/7.0/toolchain/arm/arm-gnu-toolchain/bin/../lib/gcc/arm-none-eabi/6.3.1/../../../../arm-none-eabi/lib/thumb/v7-m\libc.a(lib_a-fclose.o)
                                                  c:/program files (x86)/atmel/studio/7.0/toolchain/arm/arm-gnu-toolchain/bin/../lib/gcc/arm-none-eabi/6.3.1/../../../../arm-none-eabi/lib/thumb/v7-m\libc.a(lib_a-__atexit.o)
                                                  c:/program files (x86)/atmel/studio/7.0/toolchain/arm/arm-gnu-toolchain/bin/../lib/gcc/arm-none-eabi/6.3.1/../../../../arm-none-eabi/lib/thumb/v7-m\libc.a(lib_a-mlock.o)
                                                  c:/program files (x86)/atmel/studio/7.0/toolchain/arm/arm-gnu-toolchain/bin/../lib/gcc/arm-none-eabi/6.3.1/../../../../arm-none-eabi/lib/thumb/v7-m\libc.a(lib_a-fputwc.o)
                                                  c:/program files (x86)/atmel/studio/7.0/toolchain/arm/arm-gnu-toolchain/bin/../lib/gcc/arm-none-eabi/6.3.1/../../../../arm-none-eabi/lib/thumb/v7-m\libc.a(lib_a-findfp.o)
                                                  c:/program files (x86)/atmel/studio/7.0/toolchain/arm/arm-gnu-toolchain/bin/../lib/gcc/arm-none-eabi/6.3.1/../../../../arm-none-eabi/lib/thumb/v7-m\libc.a(lib_a-fflush.o)
                                                  c:/program files (x86)/atmel/studio/7.0/toolchain/arm/arm-gnu-toolchain/bin/../lib/gcc/arm-none-eabi/6.3.1/../../../../arm-none-eabi/lib/thumb/v7-m\libc.a(lib_a-__call_atexit.o)
                                                  c:/program files (x86)/atmel/studio/7.0/toolchain/arm/arm-gnu-toolchain/bin/../lib/gcc/arm-none-eabi/6.3.1/../../../../arm-none-eabi/lib/thumb/v7-m\libc.a(lib_a-vfiprintf.o)
                                                  c:/program files (x86)/atmel/studio/7.0/toolchain/arm/arm-gnu-toolchain/bin/../lib/gcc/arm-none-eabi/6.3.1/../../../../arm-none-eabi/lib/thumb/v7-m\libc.a(lib_a-puts.o)
__retarget_lock_close                             c:/program files (x86)/atmel/studio/7.0/toolchain/arm/arm-gnu-toolchain/bin/../lib/gcc/arm-none-eabi/6.3.1/../../../../arm-none-eabi/lib/thumb/v7-m\libc.a(lib_a-lock.o)
__retarget_lock_close_recursive                   c:/program files (x86)/atmel/studio/7.0/toolchain/arm/arm-gnu-toolchain/bin/../lib/gcc/arm-none-eabi/6.3.1/../../../../arm-none-eabi/lib/thumb/v7-m\libc.a(lib_a-lock.o)
                                                  c:/program files (x86)/atmel/studio/7.0/toolchain/arm/arm-gnu-toolchain/bin/../lib/gcc/arm-none-eabi/6.3.1/../../../../arm-none-eabi/lib/thumb/v7-m\libc.a(lib_a-fclose.o)
                                                  c:/program files (x86)/atmel/studio/7.0/toolchain/arm/arm-gnu-toolchain/bin/../lib/gcc/arm-none-eabi/6.3.1/../../../../arm-none-eabi/lib/thumb/v7-m\libc.a(lib_a-vfiprintf.o)
__retarget_lock_init                              c:/program files (x86)/atmel/studio/7.0/toolchain/arm/arm-gnu-toolchain/bin/../lib/gcc/arm-none-eabi/6.3.1/../../../../arm-none-eabi/lib/thumb/v7-m\libc.a(lib_a-lock.o)
__retarget_lock_init_recursive                    c:/program files (x86)/atmel/studio/7.0/toolchain/arm/arm-gnu-toolchain/bin/../lib/gcc/arm-none-eabi/6.3.1/../../../../arm-none-eabi/lib/thumb/v7-m\libc.a(lib_a-lock.o)
                                                  c:/program files (x86)/atmel/studio/7.0/toolchain/arm/arm-gnu-toolchain/bin/../lib/gcc/arm-none-eabi/6.3.1/../../../../arm-none-eabi/lib/thumb/v7-m\libc.a(lib_a-findfp.o)
                                                  c:/program files (x86)/atmel/studio/7.0/toolchain/arm/arm-gnu-toolchain/bin/../lib/gcc/arm-none-eabi/6.3.1/../../../../arm-none-eabi/lib/thumb/v7-m\libc.a(lib_a-vfiprintf.o)
__retarget_lock_release                           c:/program files (x86)/atmel/studio/7.0/toolchain/arm/arm-gnu-toolchain/bin/../lib/gcc/arm-none-eabi/6.3.1/../../../../arm-none-eabi/lib/thumb/v7-m\libc.a(lib_a-lock.o)
__retarget_lock_release_recursive                 c:/program files (x86)/atmel/studio/7.0/toolchain/arm/arm-gnu-toolchain/bin/../lib/gcc/arm-none-eabi/6.3.1/../../../../arm-none-eabi/lib/thumb/v7-m\libc.a(lib_a-lock.o)
                                                  c:/program files (x86)/atmel/studio/7.0/toolchain/arm/arm-gnu-toolchain/bin/../lib/gcc/arm-none-eabi/6.3.1/../../../../arm-none-eabi/lib/thumb/v7-m\libc.a(lib_a-fclose.o)
                                                  c:/program files (x86)/atmel/studio/7.0/toolchain/arm/arm-gnu-toolchain/bin/../lib/gcc/arm-none-eabi/6.3.1/../../../../arm-none-eabi/lib/thumb/v7-m\libc.a(lib_a-__atexit.o)
                                                  c:/program files (x86)/atmel/studio/7.0/toolchain/arm/arm-gnu-toolchain/bin/../lib/gcc/arm-none-eabi/6.3.1/../../../../arm-none-eabi/lib/thumb/v7-m\libc.a(lib_a-mlock.o)
                                                  c:/program files (x86)/atmel/studio/7.0/toolchain/arm/arm-gnu-toolchain/bin/../lib/gcc/arm-none-eabi/6.3.1/../../../../arm-none-eabi/lib/thumb/v7-m\libc.a(lib_a-fputwc.o)
                                                  c:/program files (x86)/atmel/studio/7.0/toolchain/arm/arm-gnu-toolchain/bin/../lib/gcc/arm-none-eabi/6.3.1/../../../../arm-none-eabi/lib/thumb/v7-m\libc.a(lib_a-findfp.o)
                                                  c:/program files (x86)/atmel/studio/7.0/toolchain/arm/arm-gnu-toolchain/bin/../lib/gcc/arm-none-eabi/6.3.1/../../../../arm-none-eabi/lib/thumb/v7-m\libc.a(lib_a-fflush.o)
                                                  c:/program files (x86)/atmel/studio/7.0/toolchain/arm/arm-gnu-toolchain/bin/../lib/gcc/arm-none-eabi/6.3.1/../../../../arm-none-eabi/lib/thumb/v7-m\libc.a(lib_a-__call_atexit.o)
                                                  c:/program files (x86)/atmel/studio/7.0/toolchain/arm/arm-gnu-toolchain/bin/../lib/gcc/arm-none-eabi/6.3.1/../../../../arm-none-eabi/lib/thumb/v7-m\libc.a(lib_a-vfiprintf.o)
                                                  c:/program files (x86)/atmel/studio/7.0/toolchain/arm/arm-gnu-toolchain/bin/../lib/gcc/arm-none-eabi/6.3.1/../../../../arm-none-eabi/lib/thumb/v7-m\libc.a(lib_a-puts.o)
__retarget_lock_try_acquire                       c:/program files (x86)/atmel/studio/7.0/toolchain/arm/arm-gnu-toolchain/bin/../lib/gcc/arm-none-eabi/6.3.1/../../../../arm-none-eabi/lib/thumb/v7-m\libc.a(lib_a-lock.o)
__retarget_lock_try_acquire_recursive             c:/program files (x86)/atmel/studio/7.0/toolchain/arm/arm-gnu-toolchain/bin/../lib/gcc/arm-none-eabi/6.3.1/../../../../arm-none-eabi/lib/thumb/v7-m\libc.a(lib_a-lock.o)
__sclose                                          c:/program files (x86)/atmel/studio/7.0/toolchain/arm/arm-gnu-toolchain/bin/../lib/gcc/arm-none-eabi/6.3.1/../../../../arm-none-eabi/lib/thumb/v7-m\libc.a(lib_a-stdio.o)
                                                  c:/program files (x86)/atmel/studio/7.0/toolchain/arm/arm-gnu-toolchain/bin/../lib/gcc/arm-none-eabi/6.3.1/../../../../arm-none-eabi/lib/thumb/v7-m\libc.a(lib_a-findfp.o)
__seofread                                        c:/program files (x86)/atmel/studio/7.0/toolchain/arm/arm-gnu-toolchain/bin/../lib/gcc/arm-none-eabi/6.3.1/../../../../arm-none-eabi/lib/thumb/v7-m\libc.a(lib_a-stdio.o)
__sflush_r                                        c:/program files (x86)/atmel/studio/7.0/toolchain/arm/arm-gnu-toolchain/bin/../lib/gcc/arm-none-eabi/6.3.1/../../../../arm-none-eabi/lib/thumb/v7-m\libc.a(lib_a-fflush.o)
                                                  c:/program files (x86)/atmel/studio/7.0/toolchain/arm/arm-gnu-toolchain/bin/../lib/gcc/arm-none-eabi/6.3.1/../../../../arm-none-eabi/lib/thumb/v7-m\libc.a(lib_a-fclose.o)
__sfmoreglue                                      c:/program files (x86)/atmel/studio/7.0/toolchain/arm/arm-gnu-toolchain/bin/../lib/gcc/arm-none-eabi/6.3.1/../../../../arm-none-eabi/lib/thumb/v7-m\libc.a(lib_a-findfp.o)
__sfp                                             c:/program files (x86)/atmel/studio/7.0/toolchain/arm/arm-gnu-toolchain/bin/../lib/gcc/arm-none-eabi/6.3.1/../../../../arm-none-eabi/lib/thumb/v7-m\libc.a(lib_a-findfp.o)
__sfp_lock_acquire                                c:/program files (x86)/atmel/studio/7.0/toolchain/arm/arm-gnu-toolchain/bin/../lib/gcc/arm-none-eabi/6.3.1/../../../../arm-none-eabi/lib/thumb/v7-m\libc.a(lib_a-findfp.o)
                                                  c:/program files (x86)/atmel/studio/7.0/toolchain/arm/arm-gnu-toolchain/bin/../lib/gcc/arm-none-eabi/6.3.1/../../../../arm-none-eabi/lib/thumb/v7-m\libc.a(lib_a-fclose.o)
__sfp_lock_release                                c:/program files (x86)/atmel/studio/7.0/toolchain/arm/arm-gnu-toolchain/bin/../lib/gcc/arm-none-eabi/6.3.1/../../../../arm-none-eabi/lib/thumb/v7-m\libc.a(lib_a-findfp.o)
                                                  c:/program files (x86)/atmel/studio/7.0/toolchain/arm/arm-gnu-toolchain/bin/../lib/gcc/arm-none-eabi/6.3.1/../../../../arm-none-eabi/lib/thumb/v7-m\libc.a(lib_a-fclose.o)
__sfvwrite_r                                      c:/program files (x86)/atmel/studio/7.0/toolchain/arm/arm-gnu-toolchain/bin/../lib/gcc/arm-none-eabi/6.3.1/../../../../arm-none-eabi/lib/thumb/v7-m\libc.a(lib_a-fvwrite.o)
                                                  c:/program files (x86)/atmel/studio/7.0/toolchain/arm/arm-gnu-toolchain/bin/../lib/gcc/arm-none-eabi/6.3.1/../../../../arm-none-eabi/lib/thumb/v7-m\libc.a(lib_a-vfiprintf.o)
                                                  c:/program files (x86)/atmel/studio/7.0/toolchain/arm/arm-gnu-toolchain/bin/../lib/gcc/arm-none-eabi/6.3.1/../../../../arm-none-eabi/lib/thumb/v7-m\libc.a(lib_a-puts.o)
__sinit                                           c:/program files (x86)/atmel/studio/7.0/toolchain/arm/arm-gnu-toolchain/bin/../lib/gcc/arm-none-eabi/6.3.1/../../../../arm-none-eabi/lib/thumb/v7-m\libc.a(lib_a-findfp.o)
                                                  c:/program files (x86)/atmel/studio/7.0/toolchain/arm/arm-gnu-toolchain/bin/../lib/gcc/arm-none-eabi/6.3.1/../../../../arm-none-eabi/lib/thumb/v7-m\libc.a(lib_a-fclose.o)
                                                  c:/program files (x86)/atmel/studio/7.0/toolchain/arm/arm-gnu-toolchain/bin/../lib/gcc/arm-none-eabi/6.3.1/../../../../arm-none-eabi/lib/thumb/v7-m\libc.a(lib_a-wbuf.o)
                                                  c:/program files (x86)/atmel/studio/7.0/toolchain/arm/arm-gnu-toolchain/bin/../lib/gcc/arm-none-eabi/6.3.1/../../../../arm-none-eabi/lib/thumb/v7-m\libc.a(lib_a-fputwc.o)
                                                  c:/program files (x86)/atmel/studio/7.0/toolchain/arm/arm-gnu-toolchain/bin/../lib/gcc/arm-none-eabi/6.3.1/../../../../arm-none-eabi/lib/thumb/v7-m\libc.a(lib_a-fflush.o)
                                                  c:/program files (x86)/atmel/studio/7.0/toolchain/arm/arm-gnu-toolchain/bin/../lib/gcc/arm-none-eabi/6.3.1/../../../../arm-none-eabi/lib/thumb/v7-m\libc.a(lib_a-wsetup.o)
                                                  c:/program files (x86)/atmel/studio/7.0/toolchain/arm/arm-gnu-toolchain/bin/../lib/gcc/arm-none-eabi/6.3.1/../../../../arm-none-eabi/lib/thumb/v7-m\libc.a(lib_a-vfiprintf.o)
                                                  c:/program files (x86)/atmel/studio/7.0/toolchain/arm/arm-gnu-toolchain/bin/../lib/gcc/arm-none-eabi/6.3.1/../../../../arm-none-eabi/lib/thumb/v7-m\libc.a(lib_a-puts.o)
__sinit_lock_acquire                              c:/program files (x86)/atmel/studio/7.0/toolchain/arm/arm-gnu-toolchain/bin/../lib/gcc/arm-none-eabi/6.3.1/../../../../arm-none-eabi/lib/thumb/v7-m\libc.a(lib_a-findfp.o)
__sinit_lock_release                              c:/program files (x86)/atmel/studio/7.0/toolchain/arm/arm-gnu-toolchain/bin/../lib/gcc/arm-none-eabi/6.3.1/../../../../arm-none-eabi/lib/thumb/v7-m\libc.a(lib_a-findfp.o)
__smakebuf_r                                      c:/program files (x86)/atmel/studio/7.0/toolchain/arm/arm-gnu-toolchain/bin/../lib/gcc/arm-none-eabi/6.3.1/../../../../arm-none-eabi/lib/thumb/v7-m\libc.a(lib_a-makebuf.o)
                                                  c:/program files (x86)/atmel/studio/7.0/toolchain/arm/arm-gnu-toolchain/bin/../lib/gcc/arm-none-eabi/6.3.1/../../../../arm-none-eabi/lib/thumb/v7-m\libc.a(lib_a-wsetup.o)
__sprint_r                                        c:/program files (x86)/atmel/studio/7.0/toolchain/arm/arm-gnu-toolchain/bin/../lib/gcc/arm-none-eabi/6.3.1/../../../../arm-none-eabi/lib/thumb/v7-m\libc.a(lib_a-vfiprintf.o)
__sread                                           c:/program files (x86)/atmel/studio/7.0/toolchain/arm/arm-gnu-toolchain/bin/../lib/gcc/arm-none-eabi/6.3.1/../../../../arm-none-eabi/lib/thumb/v7-m\libc.a(lib_a-stdio.o)
                                                  c:/program files (x86)/atmel/studio/7.0/toolchain/arm/arm-gnu-toolchain/bin/../lib/gcc/arm-none-eabi/6.3.1/../../../../arm-none-eabi/lib/thumb/v7-m\libc.a(lib_a-findfp.o)
__sseek                                           c:/program files (x86)/atmel/studio/7.0/toolchain/arm/arm-gnu-toolchain/bin/../lib/gcc/arm-none-eabi/6.3.1/../../../../arm-none-eabi/lib/thumb/v7-m\libc.a(lib_a-stdio.o)
                                                  c:/program files (x86)/atmel/studio/7.0/toolchain/arm/arm-gnu-toolchain/bin/../lib/gcc/arm-none-eabi/6.3.1/../../../../arm-none-eabi/lib/thumb/v7-m\libc.a(lib_a-findfp.o)
__stack                                           c:/program files (x86)/atmel/studio/7.0/toolchain/arm/arm-gnu-toolchain/bin/../lib/gcc/arm-none-eabi/6.3.1/../../../../arm-none-eabi/lib/thumb/v7-m/crt0.o
__swbuf                                           c:/program files (x86)/atmel/studio/7.0/toolchain/arm/arm-gnu-toolchain/bin/../lib/gcc/arm-none-eabi/6.3.1/../../../../arm-none-eabi/lib/thumb/v7-m\libc.a(lib_a-wbuf.o)
__swbuf_r                                         c:/program files (x86)/atmel/studio/7.0/toolchain/arm/arm-gnu-toolchain/bin/../lib/gcc/arm-none-eabi/6.3.1/../../../../arm-none-eabi/lib/thumb/v7-m\libc.a(lib_a-wbuf.o)
                                                  c:/program files (x86)/atmel/studio/7.0/toolchain/arm/arm-gnu-toolchain/bin/../lib/gcc/arm-none-eabi/6.3.1/../../../../arm-none-eabi/lib/thumb/v7-m\libc.a(lib_a-fputwc.o)
__swhatbuf_r                                      c:/program files (x86)/atmel/studio/7.0/toolchain/arm/arm-gnu-toolchain/bin/../lib/gcc/arm-none-eabi/6.3.1/../../../../arm-none-eabi/lib/thumb/v7-m\libc.a(lib_a-makebuf.o)
__swrite                                          c:/program files (x86)/atmel/studio/7.0/toolchain/arm/arm-gnu-toolchain/bin/../lib/gcc/arm-none-eabi/6.3.1/../../../../arm-none-eabi/lib/thumb/v7-m\libc.a(lib_a-stdio.o)
                                                  c:/program files (x86)/atmel/studio/7.0/toolchain/arm/arm-gnu-toolchain/bin/../lib/gcc/arm-none-eabi/6.3.1/../../../../arm-none-eabi/lib/thumb/v7-m\libc.a(lib_a-findfp.o)
__swsetup_r                                       c:/program files (x86)/atmel/studio/7.0/toolchain/arm/arm-gnu-toolchain/bin/../lib/gcc/arm-none-eabi/6.3.1/../../../../arm-none-eabi/lib/thumb/v7-m\libc.a(lib_a-wsetup.o)
                                                  c:/program files (x86)/atmel/studio/7.0/toolchain/arm/arm-gnu-toolchain/bin/../lib/gcc/arm-none-eabi/6.3.1/../../../../arm-none-eabi/lib/thumb/v7-m\libc.a(lib_a-wbuf.o)
                                                  c:/program files (x86)/atmel/studio/7.0/toolchain/arm/arm-gnu-toolchain/bin/../lib/gcc/arm-none-eabi/6.3.1/../../../../arm-none-eabi/lib/thumb/v7-m\libc.a(lib_a-fvwrite.o)
                                                  c:/program files (x86)/atmel/studio/7.0/toolchain/arm/arm-gnu-toolchain/bin/../lib/gcc/arm-none-eabi/6.3.1/../../../../arm-none-eabi/lib/thumb/v7-m\libc.a(lib_a-vfiprintf.o)
__udivmoddi4                                      c:/program files (x86)/atmel/studio/7.0/toolchain/arm/arm-gnu-toolchain/bin/../lib/gcc/arm-none-eabi/6.3.1/thumb/v7-m\libgcc.a(_udivmoddi4.o)
                                                  c:/program files (x86)/atmel/studio/7.0/toolchain/arm/arm-gnu-toolchain/bin/../lib/gcc/arm-none-eabi/6.3.1/thumb/v7-m\libgcc.a(_aeabi_uldivmod.o)
_cleanup                                          c:/program files (x86)/atmel/studio/7.0/toolchain/arm/arm-gnu-toolchain/bin/../lib/gcc/arm-none-eabi/6.3.1/../../../../arm-none-eabi/lib/thumb/v7-m\libc.a(lib_a-findfp.o)
_cleanup_r                                        c:/program files (x86)/atmel/studio/7.0/toolchain/arm/arm-gnu-toolchain/bin/../lib/gcc/arm-none-eabi/6.3.1/../../../../arm-none-eabi/lib/thumb/v7-m\libc.a(lib_a-findfp.o)
                                                  c:/program files (x86)/atmel/studio/7.0/toolchain/arm/arm-gnu-toolchain/bin/../lib/gcc/arm-none-eabi/6.3.1/../../../../arm-none-eabi/lib/thumb/v7-m\libc.a(lib_a-makebuf.o)
_close                                            src/ASF/sam/utils/syscalls/gcc/syscalls.o
                                                  c:/program files (x86)/atmel/studio/7.0/toolchain/arm/arm-gnu-toolchain/bin/../lib/gcc/arm-none-eabi/6.3.1/../../../../arm-none-eabi/lib/thumb/v7-m\libc.a(lib_a-closer.o)
_close_r                                          c:/program files (x86)/atmel/studio/7.0/toolchain/arm/arm-gnu-toolchain/bin/../lib/gcc/arm-none-eabi/6.3.1/../../../../arm-none-eabi/lib/thumb/v7-m\libc.a(lib_a-closer.o)
                                                  c:/program files (x86)/atmel/studio/7.0/toolchain/arm/arm-gnu-toolchain/bin/../lib/gcc/arm-none-eabi/6.3.1/../../../../arm-none-eabi/lib/thumb/v7-m\libc.a(lib_a-stdio.o)
_ctype_                                           c:/program files (x86)/atmel/studio/7.0/toolchain/arm/arm-gnu-toolchain/bin/../lib/gcc/arm-none-eabi/6.3.1/../../../../arm-none-eabi/lib/thumb/v7-m\libc.a(lib_a-ctype_.o)
                                                  c:/program files (x86)/atmel/studio/7.0/toolchain/arm/arm-gnu-toolchain/bin/../lib/gcc/arm-none-eabi/6.3.1/../../../../arm-none-eabi/lib/thumb/v7-m\libc.a(lib_a-locale.o)